Archive member included to satisfy reference by file (symbol)

/opt/local/lib/gcc/arm-elf/4.7.3/../../../../arm-elf/lib/libc.a(lib_a-memcpy-stub.o)
                              ../lib/sd_raw.o (memcpy)
/opt/local/lib/gcc/arm-elf/4.7.3/../../../../arm-elf/lib/libc.a(lib_a-memset.o)
                              ../lib/sd_raw.o (memset)
/opt/local/lib/gcc/arm-elf/4.7.3/../../../../arm-elf/lib/libc.a(lib_a-sprintf.o)
                              main.o (sprintf)
/opt/local/lib/gcc/arm-elf/4.7.3/../../../../arm-elf/lib/libc.a(lib_a-strchr.o)
                              ../lib/fat.o (strchr)
/opt/local/lib/gcc/arm-elf/4.7.3/../../../../arm-elf/lib/libc.a(lib_a-strcmp.o)
                              ../lib/fat.o (strcmp)
/opt/local/lib/gcc/arm-elf/4.7.3/../../../../arm-elf/lib/libc.a(lib_a-strcpy.o)
                              main.o (strcpy)
/opt/local/lib/gcc/arm-elf/4.7.3/../../../../arm-elf/lib/libc.a(lib_a-strlen.o)
                              main.o (strlen)
/opt/local/lib/gcc/arm-elf/4.7.3/../../../../arm-elf/lib/libc.a(lib_a-strncmp.o)
                              ../lib/fat.o (strncmp)
/opt/local/lib/gcc/arm-elf/4.7.3/../../../../arm-elf/lib/libc.a(lib_a-strncpy.o)
                              ../lib/fat.o (strncpy)
/opt/local/lib/gcc/arm-elf/4.7.3/../../../../arm-elf/lib/libc.a(lib_a-strrchr.o)
                              ../lib/fat.o (strrchr)
/opt/local/lib/gcc/arm-elf/4.7.3/../../../../arm-elf/lib/libc.a(lib_a-svfprintf.o)
                              /opt/local/lib/gcc/arm-elf/4.7.3/../../../../arm-elf/lib/libc.a(lib_a-sprintf.o) (_svfprintf_r)
/opt/local/lib/gcc/arm-elf/4.7.3/../../../../arm-elf/lib/libc.a(lib_a-dtoa.o)
                              /opt/local/lib/gcc/arm-elf/4.7.3/../../../../arm-elf/lib/libc.a(lib_a-svfprintf.o) (_dtoa_r)
/opt/local/lib/gcc/arm-elf/4.7.3/../../../../arm-elf/lib/libc.a(lib_a-impure.o)
                              /opt/local/lib/gcc/arm-elf/4.7.3/../../../../arm-elf/lib/libc.a(lib_a-sprintf.o) (_impure_ptr)
/opt/local/lib/gcc/arm-elf/4.7.3/../../../../arm-elf/lib/libc.a(lib_a-locale.o)
                              /opt/local/lib/gcc/arm-elf/4.7.3/../../../../arm-elf/lib/libc.a(lib_a-svfprintf.o) (_localeconv_r)
/opt/local/lib/gcc/arm-elf/4.7.3/../../../../arm-elf/lib/libc.a(lib_a-mallocr.o)
                              /opt/local/lib/gcc/arm-elf/4.7.3/../../../../arm-elf/lib/libc.a(lib_a-svfprintf.o) (_malloc_r)
/opt/local/lib/gcc/arm-elf/4.7.3/../../../../arm-elf/lib/libc.a(lib_a-memchr-stub.o)
                              /opt/local/lib/gcc/arm-elf/4.7.3/../../../../arm-elf/lib/libc.a(lib_a-svfprintf.o) (memchr)
/opt/local/lib/gcc/arm-elf/4.7.3/../../../../arm-elf/lib/libc.a(lib_a-mlock.o)
                              /opt/local/lib/gcc/arm-elf/4.7.3/../../../../arm-elf/lib/libc.a(lib_a-mallocr.o) (__malloc_lock)
/opt/local/lib/gcc/arm-elf/4.7.3/../../../../arm-elf/lib/libc.a(lib_a-mprec.o)
                              /opt/local/lib/gcc/arm-elf/4.7.3/../../../../arm-elf/lib/libc.a(lib_a-dtoa.o) (_Balloc)
/opt/local/lib/gcc/arm-elf/4.7.3/../../../../arm-elf/lib/libc.a(lib_a-s_fpclassify.o)
                              /opt/local/lib/gcc/arm-elf/4.7.3/../../../../arm-elf/lib/libc.a(lib_a-svfprintf.o) (__fpclassifyd)
/opt/local/lib/gcc/arm-elf/4.7.3/../../../../arm-elf/lib/libc.a(lib_a-svfiprintf.o)
                              /opt/local/lib/gcc/arm-elf/4.7.3/../../../../arm-elf/lib/libc.a(lib_a-svfprintf.o) (__ssprint_r)
/opt/local/lib/gcc/arm-elf/4.7.3/../../../../arm-elf/lib/libc.a(lib_a-callocr.o)
                              /opt/local/lib/gcc/arm-elf/4.7.3/../../../../arm-elf/lib/libc.a(lib_a-mprec.o) (_calloc_r)
/opt/local/lib/gcc/arm-elf/4.7.3/../../../../arm-elf/lib/libc.a(lib_a-freer.o)
                              /opt/local/lib/gcc/arm-elf/4.7.3/../../../../arm-elf/lib/libc.a(lib_a-mallocr.o) (_free_r)
/opt/local/lib/gcc/arm-elf/4.7.3/../../../../arm-elf/lib/libc.a(lib_a-memmove.o)
                              /opt/local/lib/gcc/arm-elf/4.7.3/../../../../arm-elf/lib/libc.a(lib_a-svfiprintf.o) (memmove)
/opt/local/lib/gcc/arm-elf/4.7.3/../../../../arm-elf/lib/libc.a(lib_a-reallocr.o)
                              /opt/local/lib/gcc/arm-elf/4.7.3/../../../../arm-elf/lib/libc.a(lib_a-svfiprintf.o) (_realloc_r)
/opt/local/lib/gcc/arm-elf/4.7.3/libgcc.a(_udivsi3.o)
                              ../lib/rprintf.o (__udivsi3)
/opt/local/lib/gcc/arm-elf/4.7.3/libgcc.a(_divsi3.o)
                              main.o (__divsi3)
/opt/local/lib/gcc/arm-elf/4.7.3/libgcc.a(_umodsi3.o)
                              ../lib/rprintf.o (__umodsi3)
/opt/local/lib/gcc/arm-elf/4.7.3/libgcc.a(_modsi3.o)
                              ../lib/itoa.o (__modsi3)
/opt/local/lib/gcc/arm-elf/4.7.3/libgcc.a(_dvmd_tls.o)
                              /opt/local/lib/gcc/arm-elf/4.7.3/libgcc.a(_udivsi3.o) (__div0)
/opt/local/lib/gcc/arm-elf/4.7.3/libgcc.a(_arm_addsubdf3.o)
[...]
Memory Configuration

Name             Origin             Length             Attributes
ROM              0x0000000000010000 0x000000000005f000 xr
RAM              0x0000000040000000 0x0000000000008000 rw
*default*        0x0000000000000000 0xffffffffffffffff

Linker script and memory map

LOAD Startup.o
LOAD ../lib/irq.o
LOAD main.o
LOAD ../lib/syscalls.o
LOAD ../lib/rprintf.o
LOAD ../lib/string_printf.o
LOAD ../lib/serial.o
LOAD ../lib/rootdir.o
LOAD ../lib/sd_raw.o
LOAD ../lib/fat.o
LOAD ../lib/partition.o
LOAD ../lib/itoa.o
LOAD ../lib/byteordering.o
LOAD ../LPCUSB/armVIC.o
LOAD /opt/local/lib/gcc/arm-elf/4.7.3/../../../../arm-elf/lib/libc.a
LOAD /opt/local/lib/gcc/arm-elf/4.7.3/../../../../arm-elf/lib/libm.a
LOAD /opt/local/lib/gcc/arm-elf/4.7.3/../../../../arm-elf/lib/libc.a
LOAD /opt/local/lib/gcc/arm-elf/4.7.3/libgcc.a
START GROUP
LOAD /opt/local/lib/gcc/arm-elf/4.7.3/libgcc.a
LOAD /opt/local/lib/gcc/arm-elf/4.7.3/../../../../arm-elf/lib/libg.a
LOAD /opt/local/lib/gcc/arm-elf/4.7.3/../../../../arm-elf/lib/libc.a
END GROUP

.text           0x0000000000010000     0xc91c
 *(.vectorg)
 .vectorg       0x0000000000010000       0x98 Startup.o
                0x0000000000010050                __IRQ_Wrapper
                0x0000000000010098                . = ALIGN (0x4)
 *(.init)
 .init          0x0000000000010098       0xfc Startup.o
                0x0000000000010098                __startup
                0x0000000000010160                __exit_ARM
                0x0000000000010164                __exit_THUMB
 *(.text .text.*)
 .text          0x0000000000010194        0x0 Startup.o
 .text          0x0000000000010194      0x148 ../lib/irq.o
                0x00000000000101b8                init_VIC
                0x0000000000010200                install_irq
                0x0000000000010268                uninstall_irq
 .text          0x00000000000102dc     0x21a0 main.o
                0x00000000000110ec                Initialize
                0x0000000000011154                feed
                0x0000000000011170                FIQ_Routine
                0x000000000001119c                SWI_Routine
                0x00000000000111a0                UNDEF_Routine
                0x00000000000111bc                setup_uart0
                0x0000000000011338                stat
                0x0000000000011368                AD_conversion
                0x0000000000011408                fat_initialize
                0x0000000000011444                delay_ms
                0x000000000001146c                test
                0x0000000000011570                Log_init
                0x0000000000011afc                GetADCValue
                0x0000000000011e64                InitializeTime
                0x0000000000011e90                GetTime
                0x0000000000011ef8                LogADC
                0x000000000001211c                mode_action
                0x0000000000012320                mode_3
                0x000000000001236c                mode_2
                0x0000000000012404                mode_1
                0x0000000000012440                mode_0
                0x0000000000012478                GetGPSDateTime
 .text.startup  0x000000000001247c      0x250 main.o
                0x000000000001247c                main
 .text          0x00000000000126cc       0x64 ../lib/syscalls.o
                0x00000000000126cc                _read_r
                0x00000000000126d4                _write_r
                0x00000000000126dc                _close_r
                0x00000000000126e4                _lseek_r
                0x00000000000126ec                _fstat_r
                0x00000000000126fc                isatty
                0x0000000000012704                _sbrk_r
 .text          0x0000000000012730      0x28c ../lib/rprintf.o
                0x000000000001276c                rprintf_devopen
                0x000000000001277c                rprintf
 .text          0x00000000000129bc      0x2a4 ../lib/string_printf.o
                0x00000000000129bc                string_printf_devopen
                0x00000000000129cc                string_myputchar
                0x00000000000129ec                string_printf
 .text          0x0000000000012c60      0x188 ../lib/serial.o
                0x0000000000012c60                init_serial0
                0x0000000000012cb4                init_serial1
                0x0000000000012d0c                putchar_serial0
                0x0000000000012d4c                putc_serial0
                0x0000000000012d6c                putc_serial1
                0x0000000000012d8c                putstring_serial0
                0x0000000000012db0                getkey_serial0
                0x0000000000012dc8                getc0
 .text          0x0000000000012de8      0x49c ../lib/rootdir.o
                0x0000000000012de8                openroot
                0x0000000000012ed8                root_file_exists
                0x0000000000012f0c                root_open_new
                0x0000000000012f54                root_open
                0x0000000000012f80                print_disk_info
                0x0000000000013098                root_disk_info
                0x00000000000130a8                rootDirectory_files_stream
                0x0000000000013138                rootDirectory_files
                0x00000000000131dc                root_format
                0x0000000000013230                root_delete
 .text          0x0000000000013284      0xb10 ../lib/sd_raw.o
                0x0000000000013358                sd_raw_available
                0x0000000000013360                sd_raw_locked
                0x0000000000013368                sd_raw_sync
                0x00000000000133a8                sd_raw_read
                0x0000000000013538                sd_raw_read_interval
                0x00000000000135e8                sd_raw_init
                0x0000000000013844                sd_raw_write
                0x0000000000013a18                sd_raw_write_interval
                0x0000000000013adc                sd_raw_get_info
 .text          0x0000000000013d94     0x1ef0 ../lib/fat.o
                0x0000000000014a24                fat_open
                0x0000000000014c9c                fat_close
                0x0000000000014cac                fat_open_file
                0x0000000000014d34                fat_close_file
                0x0000000000014d44                fat_read_file
                0x0000000000014ed4                fat_write_file
                0x0000000000015100                fat_resize_file
                0x0000000000015278                fat_seek_file
                0x0000000000015324                fat_open_dir
                0x00000000000153b8                fat_close_dir
                0x00000000000153c8                fat_reset_dir
                0x00000000000153e8                fat_read_dir
                0x0000000000015574                fat_get_dir_entry_of_path
                0x00000000000156a4                fat_create_file
                0x0000000000015784                fat_delete_file
                0x000000000001585c                fat_move_file
                0x0000000000015958                fat_create_dir
                0x0000000000015ae8                fat_get_fs_size
                0x0000000000015b2c                fat_get_fs_free
                0x0000000000015c00                find_file_in_dir
                0x0000000000015c54                open_file_in_dir
 .text          0x0000000000015c84      0x104 ../lib/partition.o
                0x0000000000015c84                partition_open
                0x0000000000015d74                partition_close
 .text          0x0000000000015d88       0x7c ../lib/itoa.o
                0x0000000000015d88                convert
                0x0000000000015de4                itoa
 .text          0x0000000000015e04       0x6c ../lib/byteordering.o
                0x0000000000015e04                read16
                0x0000000000015e14                read32
                0x0000000000015e38                write16
                0x0000000000015e50                write32
 .text          0x0000000000015e70       0x78 ../LPCUSB/armVIC.o
                0x0000000000015e70                disableIRQ
                0x0000000000015e80                restoreIRQ
                0x0000000000015e9c                enableIRQ
                0x0000000000015eac                disableFIQ
                0x0000000000015ebc                restoreFIQ
                0x0000000000015ed8                enableFIQ
 .text          0x0000000000015ee8       0x20 /opt/local/lib/gcc/arm-elf/4.7.3/../../../../arm-elf/lib/libc.a(lib_a-memcpy-stub.o)
                0x0000000000015ee8                memcpy
 .text          0x0000000000015f08       0x1c /opt/local/lib/gcc/arm-elf/4.7.3/../../../../arm-elf/lib/libc.a(lib_a-memset.o)
                0x0000000000015f08                memset
 .text          0x0000000000015f24       0xcc /opt/local/lib/gcc/arm-elf/4.7.3/../../../../arm-elf/lib/libc.a(lib_a-sprintf.o)
                0x0000000000015f24                _sprintf_r
                0x0000000000015f84                sprintf
 .text          0x0000000000015ff0       0x30 /opt/local/lib/gcc/arm-elf/4.7.3/../../../../arm-elf/lib/libc.a(lib_a-strchr.o)
                0x0000000000015ff0                strchr
 .text          0x0000000000016020       0x1c /opt/local/lib/gcc/arm-elf/4.7.3/../../../../arm-elf/lib/libc.a(lib_a-strcmp.o)
                0x0000000000016020                strcmp
 .text          0x000000000001603c       0x18 /opt/local/lib/gcc/arm-elf/4.7.3/../../../../arm-elf/lib/libc.a(lib_a-strcpy.o)
                0x000000000001603c                strcpy
 .text          0x0000000000016054       0x1c /opt/local/lib/gcc/arm-elf/4.7.3/../../../../arm-elf/lib/libc.a(lib_a-strlen.o)
                0x0000000000016054                strlen
 .text          0x0000000000016070       0x64 /opt/local/lib/gcc/arm-elf/4.7.3/../../../../arm-elf/lib/libc.a(lib_a-strncmp.o)
                0x0000000000016070                strncmp
 .text          0x00000000000160d4       0x54 /opt/local/lib/gcc/arm-elf/4.7.3/../../../../arm-elf/lib/libc.a(lib_a-strncpy.o)
                0x00000000000160d4                strncpy
 .text          0x0000000000016128       0x4c /opt/local/lib/gcc/arm-elf/4.7.3/../../../../arm-elf/lib/libc.a(lib_a-strrchr.o)
                0x0000000000016128                strrchr
 .text          0x0000000000016174     0x1760 /opt/local/lib/gcc/arm-elf/4.7.3/../../../../arm-elf/lib/libc.a(lib_a-svfprintf.o)
                0x0000000000016174                _svfprintf_r
 .text          0x00000000000178d4     0x1434 /opt/local/lib/gcc/arm-elf/4.7.3/../../../../arm-elf/lib/libc.a(lib_a-dtoa.o)
                0x0000000000017a84                _dtoa_r
 .text          0x0000000000018d08        0x0 /opt/local/lib/gcc/arm-elf/4.7.3/../../../../arm-elf/lib/libc.a(lib_a-impure.o)
 .text          0x0000000000018d08       0xcc /opt/local/lib/gcc/arm-elf/4.7.3/../../../../arm-elf/lib/libc.a(lib_a-locale.o)
                0x0000000000018d08                _setlocale_r
                0x0000000000018d70                __locale_charset
                0x0000000000018d7c                __locale_mb_cur_max
                0x0000000000018d8c                __locale_msgcharset
                0x0000000000018d98                __locale_cjk_lang
                0x0000000000018da0                _localeconv_r
                0x0000000000018dac                setlocale
                0x0000000000018dc8                localeconv
 .text          0x0000000000018dd4      0x614 /opt/local/lib/gcc/arm-elf/4.7.3/../../../../arm-elf/lib/libc.a(lib_a-mallocr.o)
                0x0000000000018dd4                _malloc_r
 .text          0x00000000000193e8       0x34 /opt/local/lib/gcc/arm-elf/4.7.3/../../../../arm-elf/lib/libc.a(lib_a-memchr-stub.o)
                0x00000000000193e8                memchr
 .text          0x000000000001941c        0x8 /opt/local/lib/gcc/arm-elf/4.7.3/../../../../arm-elf/lib/libc.a(lib_a-mlock.o)
                0x000000000001941c                __malloc_lock
                0x0000000000019420                __malloc_unlock
 .text          0x0000000000019424      0xbc4 /opt/local/lib/gcc/arm-elf/4.7.3/../../../../arm-elf/lib/libc.a(lib_a-mprec.o)
                0x0000000000019424                _Balloc
                0x00000000000194ac                _Bfree
                0x00000000000194c8                __multadd
                0x0000000000019580                __s2b
                0x0000000000019654                __hi0bits
                0x00000000000196ac                __lo0bits
                0x0000000000019740                __i2b
                0x0000000000019760                __multiply
                0x0000000000019910                __pow5mult
                0x00000000000199e8                __lshift
                0x0000000000019ad4                __mcmp
                0x0000000000019b30                __mdiff
                0x0000000000019c54                __ulp
                0x0000000000019cb0                __b2d
                0x0000000000019d70                __d2b
                0x0000000000019e68                __ratio
                0x0000000000019ed0                _mprec_log10
                0x0000000000019f20                __copybits
                0x0000000000019f70                __any_on
 .text          0x0000000000019fe8       0x70 /opt/local/lib/gcc/arm-elf/4.7.3/../../../../arm-elf/lib/libc.a(lib_a-s_fpclassify.o)
                0x0000000000019fe8                __fpclassifyd
 .text          0x000000000001a058      0xca8 /opt/local/lib/gcc/arm-elf/4.7.3/../../../../arm-elf/lib/libc.a(lib_a-svfiprintf.o)
                0x000000000001a058                __ssprint_r
                0x000000000001a1e0                _svfiprintf_r
 .text          0x000000000001ad00       0x8c /opt/local/lib/gcc/arm-elf/4.7.3/../../../../arm-elf/lib/libc.a(lib_a-callocr.o)
                0x000000000001ad00                _calloc_r
 .text          0x000000000001ad8c      0x334 /opt/local/lib/gcc/arm-elf/4.7.3/../../../../arm-elf/lib/libc.a(lib_a-freer.o)
                0x000000000001ad8c                _malloc_trim_r
                0x000000000001ae84                _free_r
 .text          0x000000000001b0c0       0x5c /opt/local/lib/gcc/arm-elf/4.7.3/../../../../arm-elf/lib/libc.a(lib_a-memmove.o)
                0x000000000001b0c0                memmove
 .text          0x000000000001b11c      0x44c /opt/local/lib/gcc/arm-elf/4.7.3/../../../../arm-elf/lib/libc.a(lib_a-reallocr.o)
                0x000000000001b11c                _realloc_r
 .text          0x000000000001b568      0x118 /opt/local/lib/gcc/arm-elf/4.7.3/libgcc.a(_udivsi3.o)
                0x000000000001b568                __udivsi3
                0x000000000001b568                __aeabi_uidiv
                0x000000000001b660                __aeabi_uidivmod
 .text          0x000000000001b680      0x148 /opt/local/lib/gcc/arm-elf/4.7.3/libgcc.a(_divsi3.o)
                0x000000000001b680                __aeabi_idiv
                0x000000000001b680                __divsi3
                0x000000000001b7a8                __aeabi_idivmod
 .text          0x000000000001b7c8       0xcc /opt/local/lib/gcc/arm-elf/4.7.3/libgcc.a(_umodsi3.o)
                0x000000000001b7c8                __umodsi3
 .text          0x000000000001b894       0xe4 /opt/local/lib/gcc/arm-elf/4.7.3/libgcc.a(_modsi3.o)
                0x000000000001b894                __modsi3
 .text          0x000000000001b978        0x4 /opt/local/lib/gcc/arm-elf/4.7.3/libgcc.a(_dvmd_tls.o)
                0x000000000001b978                __div0
 .text          0x000000000001b97c      0x400 /opt/local/lib/gcc/arm-elf/4.7.3/libgcc.a(_arm_addsubdf3.o)
                0x000000000001b97c                __aeabi_drsub
                0x000000000001b984                __subdf3
                0x000000000001b984                __aeabi_dsub
                0x000000000001b988                __aeabi_dadd
                0x000000000001b988                __adddf3
                0x000000000001bc68                __aeabi_ui2d
                0x000000000001bc68                __floatunsidf
                0x000000000001bc90                __floatsidf
                0x000000000001bc90                __aeabi_i2d
                0x000000000001bcbc                __extendsfdf2
                0x000000000001bcbc                __aeabi_f2d
                0x000000000001bcfc                __aeabi_ul2d
                0x000000000001bcfc                __floatundidf
                0x000000000001bd10                __aeabi_l2d
                0x000000000001bd10                __floatdidf
 .text          0x000000000001bd7c      0x470 /opt/local/lib/gcc/arm-elf/4.7.3/libgcc.a(_arm_muldivdf3.o)
                0x000000000001bd7c                __aeabi_dmul
                0x000000000001bd7c                __muldf3
                0x000000000001bfe8                __aeabi_ddiv
                0x000000000001bfe8                __divdf3
 .text          0x000000000001c1ec      0x12c /opt/local/lib/gcc/arm-elf/4.7.3/libgcc.a(_arm_cmpdf2.o)
                0x000000000001c1ec                __gtdf2
                0x000000000001c1ec                __gedf2
                0x000000000001c1f4                __ltdf2
                0x000000000001c1f4                __ledf2
                0x000000000001c1fc                __eqdf2
                0x000000000001c1fc                __nedf2
                0x000000000001c1fc                __cmpdf2
                0x000000000001c284                __aeabi_cdrcmple
                0x000000000001c2a0                __aeabi_cdcmple
                0x000000000001c2a0                __aeabi_cdcmpeq
                0x000000000001c2b4                __aeabi_dcmpeq
                0x000000000001c2c8                __aeabi_dcmplt
                0x000000000001c2dc                __aeabi_dcmple
                0x000000000001c2f0                __aeabi_dcmpge
                0x000000000001c304                __aeabi_dcmpgt
 .text          0x000000000001c318       0x5c /opt/local/lib/gcc/arm-elf/4.7.3/libgcc.a(_arm_fixdfsi.o)
                0x000000000001c318                __fixdfsi
                0x000000000001c318                __aeabi_d2iz
 *(.gnu.linkonce.t.*)
 *(.glue_7)
 .glue_7        0x000000000001c374        0x0 linker stubs
 *(.glue_7t)
 .glue_7t       0x000000000001c374        0x0 linker stubs
 *(.gcc_except_table)
 *(.rodata)
 .rodata        0x000000000001c374        0xd ../lib/fat.o
 .rodata        0x000000000001c381       0x20 /opt/local/lib/gcc/arm-elf/4.7.3/../../../../arm-elf/lib/libc.a(lib_a-svfprintf.o)
 *fill*         0x000000000001c3a1        0x3 
 .rodata        0x000000000001c3a4        0x4 /opt/local/lib/gcc/arm-elf/4.7.3/../../../../arm-elf/lib/libc.a(lib_a-impure.o)
                0x000000000001c3a4                _global_impure_ptr
 .rodata        0x000000000001c3a8      0x124 /opt/local/lib/gcc/arm-elf/4.7.3/../../../../arm-elf/lib/libc.a(lib_a-mprec.o)
                0x000000000001c3b4                __mprec_tens
                0x000000000001c47c                __mprec_tinytens
                0x000000000001c4a4                __mprec_bigtens
 .rodata        0x000000000001c4cc       0x20 /opt/local/lib/gcc/arm-elf/4.7.3/../../../../arm-elf/lib/libc.a(lib_a-svfiprintf.o)
 *(.rodata*)
 .rodata.str1.1
                0x000000000001c4ec       0x12 ../lib/irq.o
 .rodata.str1.1
                0x000000000001c4fe      0x2ce main.o
                                        0x2d1 (size before relaxing)
 .rodata.str1.1
                0x000000000001c7cc      0x103 ../lib/rootdir.o
 .rodata.str1.1
                0x000000000001c8cf       0x11 ../lib/itoa.o
 .rodata.str1.1
                0x000000000001c8e0       0x23 /opt/local/lib/gcc/arm-elf/4.7.3/../../../../arm-elf/lib/libc.a(lib_a-svfprintf.o)
                                         0x34 (size before relaxing)
 .rodata.str1.1
                0x000000000001c903        0xd /opt/local/lib/gcc/arm-elf/4.7.3/../../../../arm-elf/lib/libc.a(lib_a-dtoa.o)
                                          0xf (size before relaxing)
 .rodata.str1.1
                0x000000000001c910        0x2 /opt/local/lib/gcc/arm-elf/4.7.3/../../../../arm-elf/lib/libc.a(lib_a-impure.o)
 .rodata.str1.1
                0x000000000001c912        0x8 /opt/local/lib/gcc/arm-elf/4.7.3/../../../../arm-elf/lib/libc.a(lib_a-locale.o)
                                          0xb (size before relaxing)
 .rodata.str1.1
                0x000000000001c91a       0x22 /opt/local/lib/gcc/arm-elf/4.7.3/../../../../arm-elf/lib/libc.a(lib_a-svfiprintf.o)
 *(.gnu.linkonce.r.*)
                0x000000000001c93c                . = ALIGN (0x4)
 *fill*         0x000000000001c91a        0x2 

.vfp11_veneer   0x000000000001c91c        0x0
 .vfp11_veneer  0x000000000001c91c        0x0 linker stubs

.v4_bx          0x000000000001c91c        0x0
 .v4_bx         0x000000000001c91c        0x0 linker stubs

.iplt           0x000000000001c91c        0x0
 .iplt          0x000000000001c91c        0x0 Startup.o

.rel.dyn        0x000000000001c91c        0x0
 .rel.iplt      0x000000000001c91c        0x0 Startup.o
                0x000000000001c91c                . = ALIGN (0x4)

.ctors          0x000000000001c91c        0x0
                0x000000000001c91c                PROVIDE (__ctors_start__, .)
 *(SORT(.ctors.*))
 *(.ctors)
                0x000000000001c91c                . = ALIGN (0x4)
                0x000000000001c91c                PROVIDE (__ctors_end__, .)
                0x000000000001c91c                . = ALIGN (0x4)

.dtors          0x000000000001c91c        0x0
                0x000000000001c91c                PROVIDE (__dtors_start__, .)
 *(SORT(.dtors.*))
 *(.dtors)
                0x000000000001c91c                . = ALIGN (0x4)
                0x000000000001c91c                PROVIDE (__dtors_end__, .)
                0x000000000001c91c                . = ALIGN (0x4)
                0x000000000001c91c                . = ALIGN (0x4)
                0x000000000001c91c                _etext = .
                0x000000000001c91c                PROVIDE (etext, .)

.data           0x0000000040000000      0x8cc load address 0x000000000001c91c
                0x0000000040000000                _data = .
 *(.vectmapped)
                0x0000000040000000                . = ALIGN (0x4)
 *(.fastrun)
                0x0000000040000000                . = ALIGN (0x4)
                0x0000000040000000                . = ALIGN (0x4)
 *(.data)
 .data          0x0000000040000000        0x0 Startup.o
 .data          0x0000000040000000        0x0 ../lib/irq.o
 .data          0x0000000040000000       0x18 main.o
 .data          0x0000000040000018        0x0 ../lib/syscalls.o
 .data          0x0000000040000018        0x0 ../lib/rprintf.o
 .data          0x0000000040000018        0x0 ../lib/string_printf.o
 .data          0x0000000040000018        0x0 ../lib/serial.o
 .data          0x0000000040000018        0x0 ../lib/rootdir.o
 .data          0x0000000040000018        0x0 ../lib/sd_raw.o
 .data          0x0000000040000018        0x0 ../lib/fat.o
 .data          0x0000000040000018        0x0 ../lib/partition.o
 .data          0x0000000040000018        0x0 ../lib/itoa.o
 .data          0x0000000040000018        0x0 ../lib/byteordering.o
 .data          0x0000000040000018        0x0 ../LPCUSB/armVIC.o
 .data          0x0000000040000018        0x0 /opt/local/lib/gcc/arm-elf/4.7.3/../../../../arm-elf/lib/libc.a(lib_a-memcpy-stub.o)
 .data          0x0000000040000018        0x0 /opt/local/lib/gcc/arm-elf/4.7.3/../../../../arm-elf/lib/libc.a(lib_a-memset.o)
 .data          0x0000000040000018        0x0 /opt/local/lib/gcc/arm-elf/4.7.3/../../../../arm-elf/lib/libc.a(lib_a-sprintf.o)
 .data          0x0000000040000018        0x0 /opt/local/lib/gcc/arm-elf/4.7.3/../../../../arm-elf/lib/libc.a(lib_a-strchr.o)
 .data          0x0000000040000018        0x0 /opt/local/lib/gcc/arm-elf/4.7.3/../../../../arm-elf/lib/libc.a(lib_a-strcmp.o)
 .data          0x0000000040000018        0x0 /opt/local/lib/gcc/arm-elf/4.7.3/../../../../arm-elf/lib/libc.a(lib_a-strcpy.o)
 .data          0x0000000040000018        0x0 /opt/local/lib/gcc/arm-elf/4.7.3/../../../../arm-elf/lib/libc.a(lib_a-strlen.o)
 .data          0x0000000040000018        0x0 /opt/local/lib/gcc/arm-elf/4.7.3/../../../../arm-elf/lib/libc.a(lib_a-strncmp.o)
 .data          0x0000000040000018        0x0 /opt/local/lib/gcc/arm-elf/4.7.3/../../../../arm-elf/lib/libc.a(lib_a-strncpy.o)
 .data          0x0000000040000018        0x0 /opt/local/lib/gcc/arm-elf/4.7.3/../../../../arm-elf/lib/libc.a(lib_a-strrchr.o)
 .data          0x0000000040000018        0x0 /opt/local/lib/gcc/arm-elf/4.7.3/../../../../arm-elf/lib/libc.a(lib_a-svfprintf.o)
 .data          0x0000000040000018        0x0 /opt/local/lib/gcc/arm-elf/4.7.3/../../../../arm-elf/lib/libc.a(lib_a-dtoa.o)
 .data          0x0000000040000018      0x428 /opt/local/lib/gcc/arm-elf/4.7.3/../../../../arm-elf/lib/libc.a(lib_a-impure.o)
                0x0000000040000018                _impure_ptr
 .data          0x0000000040000440       0x7c /opt/local/lib/gcc/arm-elf/4.7.3/../../../../arm-elf/lib/libc.a(lib_a-locale.o)
                0x0000000040000460                __mb_cur_max
 .data          0x00000000400004bc      0x410 /opt/local/lib/gcc/arm-elf/4.7.3/../../../../arm-elf/lib/libc.a(lib_a-mallocr.o)
                0x00000000400004bc                __malloc_av_
                0x00000000400008c4                __malloc_sbrk_base
                0x00000000400008c8                __malloc_trim_threshold
 .data          0x00000000400008cc        0x0 /opt/local/lib/gcc/arm-elf/4.7.3/../../../../arm-elf/lib/libc.a(lib_a-memchr-stub.o)
 .data          0x00000000400008cc        0x0 /opt/local/lib/gcc/arm-elf/4.7.3/../../../../arm-elf/lib/libc.a(lib_a-mlock.o)
 .data          0x00000000400008cc        0x0 /opt/local/lib/gcc/arm-elf/4.7.3/../../../../arm-elf/lib/libc.a(lib_a-mprec.o)
 .data          0x00000000400008cc        0x0 /opt/local/lib/gcc/arm-elf/4.7.3/../../../../arm-elf/lib/libc.a(lib_a-s_fpclassify.o)
 .data          0x00000000400008cc        0x0 /opt/local/lib/gcc/arm-elf/4.7.3/../../../../arm-elf/lib/libc.a(lib_a-svfiprintf.o)
 .data          0x00000000400008cc        0x0 /opt/local/lib/gcc/arm-elf/4.7.3/../../../../arm-elf/lib/libc.a(lib_a-callocr.o)
 .data          0x00000000400008cc        0x0 /opt/local/lib/gcc/arm-elf/4.7.3/../../../../arm-elf/lib/libc.a(lib_a-freer.o)
 .data          0x00000000400008cc        0x0 /opt/local/lib/gcc/arm-elf/4.7.3/../../../../arm-elf/lib/libc.a(lib_a-memmove.o)
 .data          0x00000000400008cc        0x0 /opt/local/lib/gcc/arm-elf/4.7.3/../../../../arm-elf/lib/libc.a(lib_a-reallocr.o)
 .data          0x00000000400008cc        0x0 /opt/local/lib/gcc/arm-elf/4.7.3/libgcc.a(_udivsi3.o)
 .data          0x00000000400008cc        0x0 /opt/local/lib/gcc/arm-elf/4.7.3/libgcc.a(_divsi3.o)
 .data          0x00000000400008cc        0x0 /opt/local/lib/gcc/arm-elf/4.7.3/libgcc.a(_umodsi3.o)
 .data          0x00000000400008cc        0x0 /opt/local/lib/gcc/arm-elf/4.7.3/libgcc.a(_modsi3.o)
 .data          0x00000000400008cc        0x0 /opt/local/lib/gcc/arm-elf/4.7.3/libgcc.a(_dvmd_tls.o)
 .data          0x00000000400008cc        0x0 /opt/local/lib/gcc/arm-elf/4.7.3/libgcc.a(_arm_addsubdf3.o)
 .data          0x00000000400008cc        0x0 /opt/local/lib/gcc/arm-elf/4.7.3/libgcc.a(_arm_muldivdf3.o)
 .data          0x00000000400008cc        0x0 /opt/local/lib/gcc/arm-elf/4.7.3/libgcc.a(_arm_cmpdf2.o)
 .data          0x00000000400008cc        0x0 /opt/local/lib/gcc/arm-elf/4.7.3/libgcc.a(_arm_fixdfsi.o)
 *(.data.*)
 *(.gnu.linkonce.d*)
                0x00000000400008cc                . = ALIGN (0x4)

.igot.plt       0x00000000400008cc        0x0 load address 0x000000000001d1e8
 .igot.plt      0x00000000400008cc        0x0 Startup.o
                0x00000000400008cc                . = ALIGN (0x4)
                0x00000000400008cc                _edata = .
                0x00000000400008cc                PROVIDE (edata, .)

.bss            0x00000000400008cc      0xaf4 load address 0x000000000001d1e8
                0x00000000400008cc                __bss_start = .
                0x00000000400008cc                __bss_start__ = .
 *(.bss)
 .bss           0x00000000400008cc        0x0 Startup.o
 .bss           0x00000000400008cc        0x0 ../lib/irq.o
 .bss           0x00000000400008cc       0x18 main.o
                0x00000000400008cc                RX_in
                0x00000000400008ce                log_array1
                0x00000000400008cf                log_array2
                0x00000000400008d0                get_frame
                0x00000000400008d2                ADC_in
                0x00000000400008d4                log_adc
                0x00000000400008d8                use_adc
                0x00000000400008dc                log_gps
                0x00000000400008e0                gps_valid
 .bss           0x00000000400008e4        0x4 ../lib/syscalls.o
 .bss           0x00000000400008e8        0x4 ../lib/rprintf.o
 .bss           0x00000000400008ec        0x4 ../lib/string_printf.o
 .bss           0x00000000400008f0        0x0 ../lib/serial.o
 .bss           0x00000000400008f0        0x4 ../lib/rootdir.o
 .bss           0x00000000400008f4      0x210 ../lib/sd_raw.o
 .bss           0x0000000040000b04       0xf8 ../lib/fat.o
 .bss           0x0000000040000bfc       0x1c ../lib/partition.o
 .bss           0x0000000040000c18        0x0 ../lib/itoa.o
 .bss           0x0000000040000c18        0x0 ../lib/byteordering.o
 .bss           0x0000000040000c18        0x0 ../LPCUSB/armVIC.o
 .bss           0x0000000040000c18        0x0 /opt/local/lib/gcc/arm-elf/4.7.3/../../../../arm-elf/lib/libc.a(lib_a-memcpy-stub.o)
 .bss           0x0000000040000c18        0x0 /opt/local/lib/gcc/arm-elf/4.7.3/../../../../arm-elf/lib/libc.a(lib_a-memset.o)
 .bss           0x0000000040000c18        0x0 /opt/local/lib/gcc/arm-elf/4.7.3/../../../../arm-elf/lib/libc.a(lib_a-sprintf.o)
 .bss           0x0000000040000c18        0x0 /opt/local/lib/gcc/arm-elf/4.7.3/../../../../arm-elf/lib/libc.a(lib_a-strchr.o)
 .bss           0x0000000040000c18        0x0 /opt/local/lib/gcc/arm-elf/4.7.3/../../../../arm-elf/lib/libc.a(lib_a-strcmp.o)
 .bss           0x0000000040000c18        0x0 /opt/local/lib/gcc/arm-elf/4.7.3/../../../../arm-elf/lib/libc.a(lib_a-strcpy.o)
 .bss           0x0000000040000c18        0x0 /opt/local/lib/gcc/arm-elf/4.7.3/../../../../arm-elf/lib/libc.a(lib_a-strlen.o)
 .bss           0x0000000040000c18        0x0 /opt/local/lib/gcc/arm-elf/4.7.3/../../../../arm-elf/lib/libc.a(lib_a-strncmp.o)
 .bss           0x0000000040000c18        0x0 /opt/local/lib/gcc/arm-elf/4.7.3/../../../../arm-elf/lib/libc.a(lib_a-strncpy.o)
 .bss           0x0000000040000c18        0x0 /opt/local/lib/gcc/arm-elf/4.7.3/../../../../arm-elf/lib/libc.a(lib_a-strrchr.o)
 .bss           0x0000000040000c18        0x0 /opt/local/lib/gcc/arm-elf/4.7.3/../../../../arm-elf/lib/libc.a(lib_a-svfprintf.o)
 .bss           0x0000000040000c18        0x0 /opt/local/lib/gcc/arm-elf/4.7.3/../../../../arm-elf/lib/libc.a(lib_a-dtoa.o)
 .bss           0x0000000040000c18        0x0 /opt/local/lib/gcc/arm-elf/4.7.3/../../../../arm-elf/lib/libc.a(lib_a-impure.o)
 .bss           0x0000000040000c18        0xc /opt/local/lib/gcc/arm-elf/4.7.3/../../../../arm-elf/lib/libc.a(lib_a-locale.o)
                0x0000000040000c18                _PathLocale
                0x0000000040000c1c                __mlocale_changed
                0x0000000040000c20                __nlocale_changed
 .bss           0x0000000040000c24       0x34 /opt/local/lib/gcc/arm-elf/4.7.3/../../../../arm-elf/lib/libc.a(lib_a-mallocr.o)
                0x0000000040000c24                __malloc_top_pad
                0x0000000040000c28                __malloc_current_mallinfo
                0x0000000040000c50                __malloc_max_sbrked_mem
                0x0000000040000c54                __malloc_max_total_mem
 .bss           0x0000000040000c58        0x0 /opt/local/lib/gcc/arm-elf/4.7.3/../../../../arm-elf/lib/libc.a(lib_a-memchr-stub.o)
 .bss           0x0000000040000c58        0x0 /opt/local/lib/gcc/arm-elf/4.7.3/../../../../arm-elf/lib/libc.a(lib_a-mlock.o)
 .bss           0x0000000040000c58        0x0 /opt/local/lib/gcc/arm-elf/4.7.3/../../../../arm-elf/lib/libc.a(lib_a-mprec.o)
 .bss           0x0000000040000c58        0x0 /opt/local/lib/gcc/arm-elf/4.7.3/../../../../arm-elf/lib/libc.a(lib_a-s_fpclassify.o)
 .bss           0x0000000040000c58        0x0 /opt/local/lib/gcc/arm-elf/4.7.3/../../../../arm-elf/lib/libc.a(lib_a-svfiprintf.o)
 .bss           0x0000000040000c58        0x0 /opt/local/lib/gcc/arm-elf/4.7.3/../../../../arm-elf/lib/libc.a(lib_a-callocr.o)
 .bss           0x0000000040000c58        0x0 /opt/local/lib/gcc/arm-elf/4.7.3/../../../../arm-elf/lib/libc.a(lib_a-freer.o)
 .bss           0x0000000040000c58        0x0 /opt/local/lib/gcc/arm-elf/4.7.3/../../../../arm-elf/lib/libc.a(lib_a-memmove.o)
 .bss           0x0000000040000c58        0x0 /opt/local/lib/gcc/arm-elf/4.7.3/../../../../arm-elf/lib/libc.a(lib_a-reallocr.o)
 .bss           0x0000000040000c58        0x0 /opt/local/lib/gcc/arm-elf/4.7.3/libgcc.a(_udivsi3.o)
 .bss           0x0000000040000c58        0x0 /opt/local/lib/gcc/arm-elf/4.7.3/libgcc.a(_divsi3.o)
 .bss           0x0000000040000c58        0x0 /opt/local/lib/gcc/arm-elf/4.7.3/libgcc.a(_umodsi3.o)
 .bss           0x0000000040000c58        0x0 /opt/local/lib/gcc/arm-elf/4.7.3/libgcc.a(_modsi3.o)
 .bss           0x0000000040000c58        0x0 /opt/local/lib/gcc/arm-elf/4.7.3/libgcc.a(_dvmd_tls.o)
 .bss           0x0000000040000c58        0x0 /opt/local/lib/gcc/arm-elf/4.7.3/libgcc.a(_arm_addsubdf3.o)
 .bss           0x0000000040000c58        0x0 /opt/local/lib/gcc/arm-elf/4.7.3/libgcc.a(_arm_muldivdf3.o)
 .bss           0x0000000040000c58        0x0 /opt/local/lib/gcc/arm-elf/4.7.3/libgcc.a(_arm_cmpdf2.o)
 .bss           0x0000000040000c58        0x0 /opt/local/lib/gcc/arm-elf/4.7.3/libgcc.a(_arm_fixdfsi.o)
 *(.gnu.linkonce.b*)
 *(COMMON)
 COMMON         0x0000000040000c58      0x724 main.o
                0x0000000040000c58                RX_array2
                0x0000000040000e58                stringBuf
                0x0000000040000f58                ADCStringSize
                0x0000000040000f5c                RX_array1
                0x000000004000115c                time_buffer
                0x0000000040001164                fd
                0x0000000040001168                handle
                0x000000004000116c                seconds
                0x0000000040001170                stringSize
                0x0000000040001174                ADC_array
                0x0000000040001374                minutes
                0x0000000040001378                hours
 COMMON         0x000000004000137c        0x1 ../lib/string_printf.o
                0x000000004000137c                buffer_ptr
 *fill*         0x000000004000137d        0x3 
 COMMON         0x0000000040001380       0x40 ../lib/rootdir.o
                0x0000000040001380                fs
                0x0000000040001384                dir_entry
                0x00000000400013b8                partition
                0x00000000400013bc                dd
                0x00000000400013c0                . = ALIGN (0x4)
                0x00000000400013c0                . = ALIGN (0x4)
                0x00000000400013c0                __bss_end__ = .
                0x00000000400013c0                PROVIDE (__bss_end, .)

.stack          0x0000000040001400      0xc00
 *(.stack)
 .stack         0x0000000040001400      0xc00 Startup.o
                0x0000000040002000                PROVIDE (_stack, .)
                0x0000000040002000                . = ALIGN (0x4)
                0x0000000040002000                _end = .
                0x0000000040002000                PROVIDE (end, .)

.stab
 *(.stab)

.stabstr
 *(.stabstr)

.stab.excl
 *(.stab.excl)

.stab.exclstr
 *(.stab.exclstr)

.stab.index
 *(.stab.index)

.stab.indexstr
 *(.stab.indexstr)

.comment        0x0000000000000000       0x11
 *(.comment)
 .comment       0x0000000000000000       0x11 ../lib/irq.o
                                         0x12 (size before relaxing)
 .comment       0x0000000000000011       0x12 main.o
 .comment       0x0000000000000011       0x12 ../lib/syscalls.o
 .comment       0x0000000000000011       0x12 ../lib/rprintf.o
 .comment       0x0000000000000011       0x12 ../lib/string_printf.o
 .comment       0x0000000000000011       0x12 ../lib/serial.o
 .comment       0x0000000000000011       0x12 ../lib/rootdir.o
 .comment       0x0000000000000011       0x12 ../lib/sd_raw.o
 .comment       0x0000000000000011       0x12 ../lib/fat.o
 .comment       0x0000000000000011       0x12 ../lib/partition.o
 .comment       0x0000000000000011       0x12 ../lib/itoa.o
 .comment       0x0000000000000011       0x12 ../lib/byteordering.o
 .comment       0x0000000000000011       0x12 ../LPCUSB/armVIC.o
 .comment       0x0000000000000011       0x12 /opt/local/lib/gcc/arm-elf/4.7.3/../../../../arm-elf/lib/libc.a(lib_a-memcpy-stub.o)
 .comment       0x0000000000000011       0x12 /opt/local/lib/gcc/arm-elf/4.7.3/../../../../arm-elf/lib/libc.a(lib_a-memset.o)
 .comment       0x0000000000000011       0x12 /opt/local/lib/gcc/arm-elf/4.7.3/../../../../arm-elf/lib/libc.a(lib_a-sprintf.o)
 .comment       0x0000000000000011       0x12 /opt/local/lib/gcc/arm-elf/4.7.3/../../../../arm-elf/lib/libc.a(lib_a-strchr.o)
 .comment       0x0000000000000011       0x12 /opt/local/lib/gcc/arm-elf/4.7.3/../../../../arm-elf/lib/libc.a(lib_a-strcmp.o)
 .comment       0x0000000000000011       0x12 /opt/local/lib/gcc/arm-elf/4.7.3/../../../../arm-elf/lib/libc.a(lib_a-strcpy.o)
 .comment       0x0000000000000011       0x12 /opt/local/lib/gcc/arm-elf/4.7.3/../../../../arm-elf/lib/libc.a(lib_a-strlen.o)
 .comment       0x0000000000000011       0x12 /opt/local/lib/gcc/arm-elf/4.7.3/../../../../arm-elf/lib/libc.a(lib_a-strncmp.o)
 .comment       0x0000000000000011       0x12 /opt/local/lib/gcc/arm-elf/4.7.3/../../../../arm-elf/lib/libc.a(lib_a-strncpy.o)
 .comment       0x0000000000000011       0x12 /opt/local/lib/gcc/arm-elf/4.7.3/../../../../arm-elf/lib/libc.a(lib_a-strrchr.o)
 .comment       0x0000000000000011       0x12 /opt/local/lib/gcc/arm-elf/4.7.3/../../../../arm-elf/lib/libc.a(lib_a-svfprintf.o)
 .comment       0x0000000000000011       0x12 /opt/local/lib/gcc/arm-elf/4.7.3/../../../../arm-elf/lib/libc.a(lib_a-dtoa.o)
 .comment       0x0000000000000011       0x12 /opt/local/lib/gcc/arm-elf/4.7.3/../../../../arm-elf/lib/libc.a(lib_a-impure.o)
 .comment       0x0000000000000011       0x12 /opt/local/lib/gcc/arm-elf/4.7.3/../../../../arm-elf/lib/libc.a(lib_a-locale.o)
 .comment       0x0000000000000011       0x12 /opt/local/lib/gcc/arm-elf/4.7.3/../../../../arm-elf/lib/libc.a(lib_a-mallocr.o)
 .comment       0x0000000000000011       0x12 /opt/local/lib/gcc/arm-elf/4.7.3/../../../../arm-elf/lib/libc.a(lib_a-memchr-stub.o)
 .comment       0x0000000000000011       0x12 /opt/local/lib/gcc/arm-elf/4.7.3/../../../../arm-elf/lib/libc.a(lib_a-mlock.o)
 .comment       0x0000000000000011       0x12 /opt/local/lib/gcc/arm-elf/4.7.3/../../../../arm-elf/lib/libc.a(lib_a-mprec.o)
 .comment       0x0000000000000011       0x12 /opt/local/lib/gcc/arm-elf/4.7.3/../../../../arm-elf/lib/libc.a(lib_a-s_fpclassify.o)
 .comment       0x0000000000000011       0x12 /opt/local/lib/gcc/arm-elf/4.7.3/../../../../arm-elf/lib/libc.a(lib_a-svfiprintf.o)
 .comment       0x0000000000000011       0x12 /opt/local/lib/gcc/arm-elf/4.7.3/../../../../arm-elf/lib/libc.a(lib_a-callocr.o)
 .comment       0x0000000000000011       0x12 /opt/local/lib/gcc/arm-elf/4.7.3/../../../../arm-elf/lib/libc.a(lib_a-freer.o)
 .comment       0x0000000000000011       0x12 /opt/local/lib/gcc/arm-elf/4.7.3/../../../../arm-elf/lib/libc.a(lib_a-memmove.o)
 .comment       0x0000000000000011       0x12 /opt/local/lib/gcc/arm-elf/4.7.3/../../../../arm-elf/lib/libc.a(lib_a-reallocr.o)

.ARM.attributes
                0x0000000000000000       0x10
 .ARM.attributes
                0x0000000000000000       0x10 Startup.o
 .ARM.attributes
                0x0000000000000010       0x10 ../lib/irq.o
 .ARM.attributes
                0x0000000000000020       0x10 main.o
 .ARM.attributes
                0x0000000000000030       0x10 ../lib/syscalls.o
 .ARM.attributes
                0x0000000000000040       0x10 ../lib/rprintf.o
 .ARM.attributes
                0x0000000000000050       0x10 ../lib/string_printf.o
 .ARM.attributes
                0x0000000000000060       0x10 ../lib/serial.o
 .ARM.attributes
                0x0000000000000070       0x10 ../lib/rootdir.o
 .ARM.attributes
                0x0000000000000080       0x10 ../lib/sd_raw.o
 .ARM.attributes
                0x0000000000000090       0x10 ../lib/fat.o
 .ARM.attributes
                0x00000000000000a0       0x10 ../lib/partition.o
 .ARM.attributes
                0x00000000000000b0       0x10 ../lib/itoa.o
 .ARM.attributes
                0x00000000000000c0       0x10 ../lib/byteordering.o
 .ARM.attributes
                0x00000000000000d0       0x10 ../LPCUSB/armVIC.o
 .ARM.attributes
                0x00000000000000e0       0x10 /opt/local/lib/gcc/arm-elf/4.7.3/../../../../arm-elf/lib/libc.a(lib_a-memcpy-stub.o)
 .ARM.attributes
                0x00000000000000f0       0x10 /opt/local/lib/gcc/arm-elf/4.7.3/../../../../arm-elf/lib/libc.a(lib_a-memset.o)
 .ARM.attributes
                0x0000000000000100       0x10 /opt/local/lib/gcc/arm-elf/4.7.3/../../../../arm-elf/lib/libc.a(lib_a-sprintf.o)
 .ARM.attributes
                0x0000000000000110       0x10 /opt/local/lib/gcc/arm-elf/4.7.3/../../../../arm-elf/lib/libc.a(lib_a-strchr.o)
 .ARM.attributes
                0x0000000000000120       0x10 /opt/local/lib/gcc/arm-elf/4.7.3/../../../../arm-elf/lib/libc.a(lib_a-strcmp.o)
 .ARM.attributes
                0x0000000000000130       0x10 /opt/local/lib/gcc/arm-elf/4.7.3/../../../../arm-elf/lib/libc.a(lib_a-strcpy.o)
 .ARM.attributes
                0x0000000000000140       0x10 /opt/local/lib/gcc/arm-elf/4.7.3/../../../../arm-elf/lib/libc.a(lib_a-strlen.o)
 .ARM.attributes
                0x0000000000000150       0x10 /opt/local/lib/gcc/arm-elf/4.7.3/../../../../arm-elf/lib/libc.a(lib_a-strncmp.o)
 .ARM.attributes
                0x0000000000000160       0x10 /opt/local/lib/gcc/arm-elf/4.7.3/../../../../arm-elf/lib/libc.a(lib_a-strncpy.o)
 .ARM.attributes
                0x0000000000000170       0x10 /opt/local/lib/gcc/arm-elf/4.7.3/../../../../arm-elf/lib/libc.a(lib_a-strrchr.o)
 .ARM.attributes
                0x0000000000000180       0x10 /opt/local/lib/gcc/arm-elf/4.7.3/../../../../arm-elf/lib/libc.a(lib_a-svfprintf.o)
 .ARM.attributes
                0x0000000000000190       0x10 /opt/local/lib/gcc/arm-elf/4.7.3/../../../../arm-elf/lib/libc.a(lib_a-dtoa.o)
 .ARM.attributes
                0x00000000000001a0       0x10 /opt/local/lib/gcc/arm-elf/4.7.3/../../../../arm-elf/lib/libc.a(lib_a-impure.o)
 .ARM.attributes
                0x00000000000001b0       0x10 /opt/local/lib/gcc/arm-elf/4.7.3/../../../../arm-elf/lib/libc.a(lib_a-locale.o)
 .ARM.attributes
                0x00000000000001c0       0x10 /opt/local/lib/gcc/arm-elf/4.7.3/../../../../arm-elf/lib/libc.a(lib_a-mallocr.o)
 .ARM.attributes
                0x00000000000001d0       0x10 /opt/local/lib/gcc/arm-elf/4.7.3/../../../../arm-elf/lib/libc.a(lib_a-memchr-stub.o)
 .ARM.attributes
                0x00000000000001e0       0x10 /opt/local/lib/gcc/arm-elf/4.7.3/../../../../arm-elf/lib/libc.a(lib_a-mlock.o)
 .ARM.attributes
                0x00000000000001f0       0x10 /opt/local/lib/gcc/arm-elf/4.7.3/../../../../arm-elf/lib/libc.a(lib_a-mprec.o)
 .ARM.attributes
                0x0000000000000200       0x10 /opt/local/lib/gcc/arm-elf/4.7.3/../../../../arm-elf/lib/libc.a(lib_a-s_fpclassify.o)
 .ARM.attributes
                0x0000000000000210       0x10 /opt/local/lib/gcc/arm-elf/4.7.3/../../../../arm-elf/lib/libc.a(lib_a-svfiprintf.o)
 .ARM.attributes
                0x0000000000000220       0x10 /opt/local/lib/gcc/arm-elf/4.7.3/../../../../arm-elf/lib/libc.a(lib_a-callocr.o)
 .ARM.attributes
                0x0000000000000230       0x10 /opt/local/lib/gcc/arm-elf/4.7.3/../../../../arm-elf/lib/libc.a(lib_a-freer.o)
 .ARM.attributes
                0x0000000000000240       0x10 /opt/local/lib/gcc/arm-elf/4.7.3/../../../../arm-elf/lib/libc.a(lib_a-memmove.o)
 .ARM.attributes
                0x0000000000000250       0x10 /opt/local/lib/gcc/arm-elf/4.7.3/../../../../arm-elf/lib/libc.a(lib_a-reallocr.o)
 .ARM.attributes
                0x0000000000000260       0x10 /opt/local/lib/gcc/arm-elf/4.7.3/libgcc.a(_udivsi3.o)
 .ARM.attributes
                0x0000000000000270       0x10 /opt/local/lib/gcc/arm-elf/4.7.3/libgcc.a(_divsi3.o)
 .ARM.attributes
                0x0000000000000280       0x10 /opt/local/lib/gcc/arm-elf/4.7.3/libgcc.a(_umodsi3.o)
 .ARM.attributes
                0x0000000000000290       0x10 /opt/local/lib/gcc/arm-elf/4.7.3/libgcc.a(_modsi3.o)
 .ARM.attributes
                0x00000000000002a0       0x10 /opt/local/lib/gcc/arm-elf/4.7.3/libgcc.a(_dvmd_tls.o)
 .ARM.attributes
                0x00000000000002b0       0x10 /opt/local/lib/gcc/arm-elf/4.7.3/libgcc.a(_arm_addsubdf3.o)
 .ARM.attributes
                0x00000000000002c0       0x10 /opt/local/lib/gcc/arm-elf/4.7.3/libgcc.a(_arm_muldivdf3.o)
 .ARM.attributes
                0x00000000000002d0       0x10 /opt/local/lib/gcc/arm-elf/4.7.3/libgcc.a(_arm_cmpdf2.o)
 .ARM.attributes
                0x00000000000002e0       0x10 /opt/local/lib/gcc/arm-elf/4.7.3/libgcc.a(_arm_fixdfsi.o)

.debug
 *(.debug)

.line
 *(.line)

.debug_srcinfo
 *(.debug_srcinfo)

.debug_sfnames
 *(.debug_sfnames)

.debug_aranges  0x0000000000000000      0x5e8
 *(.debug_aranges)
 .debug_aranges
                0x0000000000000000       0x28 Startup.o
 .debug_aranges
                0x0000000000000028       0x20 ../lib/irq.o
 .debug_aranges
                0x0000000000000048       0x28 main.o
 .debug_aranges
                0x0000000000000070       0x20 ../lib/syscalls.o
 .debug_aranges
                0x0000000000000090       0x20 ../lib/rprintf.o
 .debug_aranges
                0x00000000000000b0       0x20 ../lib/string_printf.o
 .debug_aranges
                0x00000000000000d0       0x20 ../lib/serial.o
 .debug_aranges
                0x00000000000000f0       0x20 ../lib/rootdir.o
 .debug_aranges
                0x0000000000000110       0x20 ../lib/sd_raw.o
 .debug_aranges
                0x0000000000000130       0x20 ../lib/fat.o
 .debug_aranges
                0x0000000000000150       0x20 ../lib/partition.o
 .debug_aranges
                0x0000000000000170       0x20 ../lib/itoa.o
 .debug_aranges
                0x0000000000000190       0x20 ../lib/byteordering.o
 .debug_aranges
                0x00000000000001b0       0x20 ../LPCUSB/armVIC.o
 .debug_aranges
                0x00000000000001d0       0x20 /opt/local/lib/gcc/arm-elf/4.7.3/../../../../arm-elf/lib/libc.a(lib_a-memcpy-stub.o)
 .debug_aranges
                0x00000000000001f0       0x20 /opt/local/lib/gcc/arm-elf/4.7.3/../../../../arm-elf/lib/libc.a(lib_a-memset.o)
 .debug_aranges
                0x0000000000000210       0x20 /opt/local/lib/gcc/arm-elf/4.7.3/../../../../arm-elf/lib/libc.a(lib_a-sprintf.o)
 .debug_aranges
                0x0000000000000230       0x20 /opt/local/lib/gcc/arm-elf/4.7.3/../../../../arm-elf/lib/libc.a(lib_a-strchr.o)
 .debug_aranges
                0x0000000000000250       0x20 /opt/local/lib/gcc/arm-elf/4.7.3/../../../../arm-elf/lib/libc.a(lib_a-strcmp.o)
 .debug_aranges
                0x0000000000000270       0x20 /opt/local/lib/gcc/arm-elf/4.7.3/../../../../arm-elf/lib/libc.a(lib_a-strcpy.o)
 .debug_aranges
                0x0000000000000290       0x20 /opt/local/lib/gcc/arm-elf/4.7.3/../../../../arm-elf/lib/libc.a(lib_a-strlen.o)
 .debug_aranges
                0x00000000000002b0       0x20 /opt/local/lib/gcc/arm-elf/4.7.3/../../../../arm-elf/lib/libc.a(lib_a-strncmp.o)
 .debug_aranges
                0x00000000000002d0       0x20 /opt/local/lib/gcc/arm-elf/4.7.3/../../../../arm-elf/lib/libc.a(lib_a-strncpy.o)
 .debug_aranges
                0x00000000000002f0       0x20 /opt/local/lib/gcc/arm-elf/4.7.3/../../../../arm-elf/lib/libc.a(lib_a-strrchr.o)
 .debug_aranges
                0x0000000000000310       0x20 /opt/local/lib/gcc/arm-elf/4.7.3/../../../../arm-elf/lib/libc.a(lib_a-svfprintf.o)
 .debug_aranges
                0x0000000000000330       0x20 /opt/local/lib/gcc/arm-elf/4.7.3/../../../../arm-elf/lib/libc.a(lib_a-dtoa.o)
 .debug_aranges
                0x0000000000000350       0x18 /opt/local/lib/gcc/arm-elf/4.7.3/../../../../arm-elf/lib/libc.a(lib_a-impure.o)
 .debug_aranges
                0x0000000000000368       0x20 /opt/local/lib/gcc/arm-elf/4.7.3/../../../../arm-elf/lib/libc.a(lib_a-locale.o)
 .debug_aranges
                0x0000000000000388       0x20 /opt/local/lib/gcc/arm-elf/4.7.3/../../../../arm-elf/lib/libc.a(lib_a-mallocr.o)
 .debug_aranges
                0x00000000000003a8       0x20 /opt/local/lib/gcc/arm-elf/4.7.3/../../../../arm-elf/lib/libc.a(lib_a-memchr-stub.o)
 .debug_aranges
                0x00000000000003c8       0x20 /opt/local/lib/gcc/arm-elf/4.7.3/../../../../arm-elf/lib/libc.a(lib_a-mlock.o)
 .debug_aranges
                0x00000000000003e8       0x20 /opt/local/lib/gcc/arm-elf/4.7.3/../../../../arm-elf/lib/libc.a(lib_a-mprec.o)
 .debug_aranges
                0x0000000000000408       0x20 /opt/local/lib/gcc/arm-elf/4.7.3/../../../../arm-elf/lib/libc.a(lib_a-s_fpclassify.o)
 .debug_aranges
                0x0000000000000428       0x20 /opt/local/lib/gcc/arm-elf/4.7.3/../../../../arm-elf/lib/libc.a(lib_a-svfiprintf.o)
 .debug_aranges
                0x0000000000000448       0x20 /opt/local/lib/gcc/arm-elf/4.7.3/../../../../arm-elf/lib/libc.a(lib_a-callocr.o)
 .debug_aranges
                0x0000000000000468       0x20 /opt/local/lib/gcc/arm-elf/4.7.3/../../../../arm-elf/lib/libc.a(lib_a-freer.o)
 .debug_aranges
                0x0000000000000488       0x20 /opt/local/lib/gcc/arm-elf/4.7.3/../../../../arm-elf/lib/libc.a(lib_a-memmove.o)
 .debug_aranges
                0x00000000000004a8       0x20 /opt/local/lib/gcc/arm-elf/4.7.3/../../../../arm-elf/lib/libc.a(lib_a-reallocr.o)
 .debug_aranges
                0x00000000000004c8       0x20 /opt/local/lib/gcc/arm-elf/4.7.3/libgcc.a(_udivsi3.o)
 .debug_aranges
                0x00000000000004e8       0x20 /opt/local/lib/gcc/arm-elf/4.7.3/libgcc.a(_divsi3.o)
 .debug_aranges
                0x0000000000000508       0x20 /opt/local/lib/gcc/arm-elf/4.7.3/libgcc.a(_umodsi3.o)
 .debug_aranges
                0x0000000000000528       0x20 /opt/local/lib/gcc/arm-elf/4.7.3/libgcc.a(_modsi3.o)
 .debug_aranges
                0x0000000000000548       0x20 /opt/local/lib/gcc/arm-elf/4.7.3/libgcc.a(_dvmd_tls.o)
 .debug_aranges
                0x0000000000000568       0x20 /opt/local/lib/gcc/arm-elf/4.7.3/libgcc.a(_arm_addsubdf3.o)
 .debug_aranges
                0x0000000000000588       0x20 /opt/local/lib/gcc/arm-elf/4.7.3/libgcc.a(_arm_muldivdf3.o)
 .debug_aranges
                0x00000000000005a8       0x20 /opt/local/lib/gcc/arm-elf/4.7.3/libgcc.a(_arm_cmpdf2.o)
 .debug_aranges
                0x00000000000005c8       0x20 /opt/local/lib/gcc/arm-elf/4.7.3/libgcc.a(_arm_fixdfsi.o)

.debug_pubnames
 *(.debug_pubnames)

.debug_info     0x0000000000000000    0x13fc2
 *(.debug_info .gnu.linkonce.wi.*)
 .debug_info    0x0000000000000000       0x61 Startup.o
 .debug_info    0x0000000000000061      0x19e ../lib/irq.o
 .debug_info    0x00000000000001ff     0x1b88 main.o
 .debug_info    0x0000000000001d87      0xcfe ../lib/syscalls.o
 .debug_info    0x0000000000002a85      0x2ab ../lib/rprintf.o
 .debug_info    0x0000000000002d30      0x2b1 ../lib/string_printf.o
 .debug_info    0x0000000000002fe1      0x1a9 ../lib/serial.o
 .debug_info    0x000000000000318a      0xa7f ../lib/rootdir.o
 .debug_info    0x0000000000003c09      0xb49 ../lib/sd_raw.o
 .debug_info    0x0000000000004752     0x2927 ../lib/fat.o
 .debug_info    0x0000000000007079      0x3d7 ../lib/partition.o
 .debug_info    0x0000000000007450      0x11d ../lib/itoa.o
 .debug_info    0x000000000000756d      0x152 ../lib/byteordering.o
 .debug_info    0x00000000000076bf      0x2f7 ../LPCUSB/armVIC.o
 .debug_info    0x00000000000079b6      0x102 /opt/local/lib/gcc/arm-elf/4.7.3/../../../../arm-elf/lib/libc.a(lib_a-memcpy-stub.o)
 .debug_info    0x0000000000007ab8       0xd3 /opt/local/lib/gcc/arm-elf/4.7.3/../../../../arm-elf/lib/libc.a(lib_a-memset.o)
 .debug_info    0x0000000000007b8b      0xab6 /opt/local/lib/gcc/arm-elf/4.7.3/../../../../arm-elf/lib/libc.a(lib_a-sprintf.o)
 .debug_info    0x0000000000008641       0xe3 /opt/local/lib/gcc/arm-elf/4.7.3/../../../../arm-elf/lib/libc.a(lib_a-strchr.o)
 .debug_info    0x0000000000008724       0xb5 /opt/local/lib/gcc/arm-elf/4.7.3/../../../../arm-elf/lib/libc.a(lib_a-strcmp.o)
 .debug_info    0x00000000000087d9       0xbd /opt/local/lib/gcc/arm-elf/4.7.3/../../../../arm-elf/lib/libc.a(lib_a-strcpy.o)
 .debug_info    0x0000000000008896       0xcd /opt/local/lib/gcc/arm-elf/4.7.3/../../../../arm-elf/lib/libc.a(lib_a-strlen.o)
 .debug_info    0x0000000000008963       0xd0 /opt/local/lib/gcc/arm-elf/4.7.3/../../../../arm-elf/lib/libc.a(lib_a-strncmp.o)
 .debug_info    0x0000000000008a33       0xf6 /opt/local/lib/gcc/arm-elf/4.7.3/../../../../arm-elf/lib/libc.a(lib_a-strncpy.o)
 .debug_info    0x0000000000008b29      0x106 /opt/local/lib/gcc/arm-elf/4.7.3/../../../../arm-elf/lib/libc.a(lib_a-strrchr.o)
 .debug_info    0x0000000000008c2f     0x1743 /opt/local/lib/gcc/arm-elf/4.7.3/../../../../arm-elf/lib/libc.a(lib_a-svfprintf.o)
 .debug_info    0x000000000000a372     0x13da /opt/local/lib/gcc/arm-elf/4.7.3/../../../../arm-elf/lib/libc.a(lib_a-dtoa.o)
 .debug_info    0x000000000000b74c      0x960 /opt/local/lib/gcc/arm-elf/4.7.3/../../../../arm-elf/lib/libc.a(lib_a-impure.o)
 .debug_info    0x000000000000c0ac      0xd0a /opt/local/lib/gcc/arm-elf/4.7.3/../../../../arm-elf/lib/libc.a(lib_a-locale.o)
 .debug_info    0x000000000000cdb6      0xe20 /opt/local/lib/gcc/arm-elf/4.7.3/../../../../arm-elf/lib/libc.a(lib_a-mallocr.o)
 .debug_info    0x000000000000dbd6       0xf8 /opt/local/lib/gcc/arm-elf/4.7.3/../../../../arm-elf/lib/libc.a(lib_a-memchr-stub.o)
 .debug_info    0x000000000000dcce      0x984 /opt/local/lib/gcc/arm-elf/4.7.3/../../../../arm-elf/lib/libc.a(lib_a-mlock.o)
 .debug_info    0x000000000000e652     0x173d /opt/local/lib/gcc/arm-elf/4.7.3/../../../../arm-elf/lib/libc.a(lib_a-mprec.o)
 .debug_info    0x000000000000fd8f      0x145 /opt/local/lib/gcc/arm-elf/4.7.3/../../../../arm-elf/lib/libc.a(lib_a-s_fpclassify.o)
 .debug_info    0x000000000000fed4     0x10f7 /opt/local/lib/gcc/arm-elf/4.7.3/../../../../arm-elf/lib/libc.a(lib_a-svfiprintf.o)
 .debug_info    0x0000000000010fcb      0xac5 /opt/local/lib/gcc/arm-elf/4.7.3/../../../../arm-elf/lib/libc.a(lib_a-callocr.o)
 .debug_info    0x0000000000011a90      0xd0a /opt/local/lib/gcc/arm-elf/4.7.3/../../../../arm-elf/lib/libc.a(lib_a-freer.o)
 .debug_info    0x000000000001279a      0x102 /opt/local/lib/gcc/arm-elf/4.7.3/../../../../arm-elf/lib/libc.a(lib_a-memmove.o)
 .debug_info    0x000000000001289c      0xd80 /opt/local/lib/gcc/arm-elf/4.7.3/../../../../arm-elf/lib/libc.a(lib_a-reallocr.o)
 .debug_info    0x000000000001361c      0x112 /opt/local/lib/gcc/arm-elf/4.7.3/libgcc.a(_udivsi3.o)
 .debug_info    0x000000000001372e      0x112 /opt/local/lib/gcc/arm-elf/4.7.3/libgcc.a(_divsi3.o)
 .debug_info    0x0000000000013840      0x112 /opt/local/lib/gcc/arm-elf/4.7.3/libgcc.a(_umodsi3.o)
 .debug_info    0x0000000000013952      0x112 /opt/local/lib/gcc/arm-elf/4.7.3/libgcc.a(_modsi3.o)
 .debug_info    0x0000000000013a64      0x112 /opt/local/lib/gcc/arm-elf/4.7.3/libgcc.a(_dvmd_tls.o)
 .debug_info    0x0000000000013b76      0x113 /opt/local/lib/gcc/arm-elf/4.7.3/libgcc.a(_arm_addsubdf3.o)
 .debug_info    0x0000000000013c89      0x113 /opt/local/lib/gcc/arm-elf/4.7.3/libgcc.a(_arm_muldivdf3.o)
 .debug_info    0x0000000000013d9c      0x113 /opt/local/lib/gcc/arm-elf/4.7.3/libgcc.a(_arm_cmpdf2.o)
 .debug_info    0x0000000000013eaf      0x113 /opt/local/lib/gcc/arm-elf/4.7.3/libgcc.a(_arm_fixdfsi.o)

.debug_abbrev   0x0000000000000000     0x3aca
 *(.debug_abbrev)
 .debug_abbrev  0x0000000000000000       0x12 Startup.o
 .debug_abbrev  0x0000000000000012      0x110 ../lib/irq.o
 .debug_abbrev  0x0000000000000122      0x394 main.o
 .debug_abbrev  0x00000000000004b6      0x1c8 ../lib/syscalls.o
 .debug_abbrev  0x000000000000067e      0x1a7 ../lib/rprintf.o
 .debug_abbrev  0x0000000000000825      0x15f ../lib/string_printf.o
 .debug_abbrev  0x0000000000000984       0xeb ../lib/serial.o
 .debug_abbrev  0x0000000000000a6f      0x1ef ../lib/rootdir.o
 .debug_abbrev  0x0000000000000c5e      0x2ac ../lib/sd_raw.o
 .debug_abbrev  0x0000000000000f0a      0x3f0 ../lib/fat.o
 .debug_abbrev  0x00000000000012fa      0x168 ../lib/partition.o
 .debug_abbrev  0x0000000000001462       0x9e ../lib/itoa.o
 .debug_abbrev  0x0000000000001500       0xb3 ../lib/byteordering.o
 .debug_abbrev  0x00000000000015b3       0xe8 ../LPCUSB/armVIC.o
 .debug_abbrev  0x000000000000169b       0xa2 /opt/local/lib/gcc/arm-elf/4.7.3/../../../../arm-elf/lib/libc.a(lib_a-memcpy-stub.o)
 .debug_abbrev  0x000000000000173d       0x8c /opt/local/lib/gcc/arm-elf/4.7.3/../../../../arm-elf/lib/libc.a(lib_a-memset.o)
 .debug_abbrev  0x00000000000017c9      0x1f4 /opt/local/lib/gcc/arm-elf/4.7.3/../../../../arm-elf/lib/libc.a(lib_a-sprintf.o)
 .debug_abbrev  0x00000000000019bd       0x81 /opt/local/lib/gcc/arm-elf/4.7.3/../../../../arm-elf/lib/libc.a(lib_a-strchr.o)
 .debug_abbrev  0x0000000000001a3e       0x70 /opt/local/lib/gcc/arm-elf/4.7.3/../../../../arm-elf/lib/libc.a(lib_a-strcmp.o)
 .debug_abbrev  0x0000000000001aae       0x70 /opt/local/lib/gcc/arm-elf/4.7.3/../../../../arm-elf/lib/libc.a(lib_a-strcpy.o)
 .debug_abbrev  0x0000000000001b1e       0x8a /opt/local/lib/gcc/arm-elf/4.7.3/../../../../arm-elf/lib/libc.a(lib_a-strlen.o)
 .debug_abbrev  0x0000000000001ba8       0x6e /opt/local/lib/gcc/arm-elf/4.7.3/../../../../arm-elf/lib/libc.a(lib_a-strncmp.o)
 .debug_abbrev  0x0000000000001c16       0x8c /opt/local/lib/gcc/arm-elf/4.7.3/../../../../arm-elf/lib/libc.a(lib_a-strncpy.o)
 .debug_abbrev  0x0000000000001ca2       0xb3 /opt/local/lib/gcc/arm-elf/4.7.3/../../../../arm-elf/lib/libc.a(lib_a-strrchr.o)
 .debug_abbrev  0x0000000000001d55      0x356 /opt/local/lib/gcc/arm-elf/4.7.3/../../../../arm-elf/lib/libc.a(lib_a-svfprintf.o)
 .debug_abbrev  0x00000000000020ab      0x2c0 /opt/local/lib/gcc/arm-elf/4.7.3/../../../../arm-elf/lib/libc.a(lib_a-dtoa.o)
 .debug_abbrev  0x000000000000236b      0x160 /opt/local/lib/gcc/arm-elf/4.7.3/../../../../arm-elf/lib/libc.a(lib_a-impure.o)
 .debug_abbrev  0x00000000000024cb      0x29f /opt/local/lib/gcc/arm-elf/4.7.3/../../../../arm-elf/lib/libc.a(lib_a-locale.o)
 .debug_abbrev  0x000000000000276a      0x284 /opt/local/lib/gcc/arm-elf/4.7.3/../../../../arm-elf/lib/libc.a(lib_a-mallocr.o)
 .debug_abbrev  0x00000000000029ee       0xa9 /opt/local/lib/gcc/arm-elf/4.7.3/../../../../arm-elf/lib/libc.a(lib_a-memchr-stub.o)
 .debug_abbrev  0x0000000000002a97      0x17a /opt/local/lib/gcc/arm-elf/4.7.3/../../../../arm-elf/lib/libc.a(lib_a-mlock.o)
 .debug_abbrev  0x0000000000002c11      0x328 /opt/local/lib/gcc/arm-elf/4.7.3/../../../../arm-elf/lib/libc.a(lib_a-mprec.o)
 .debug_abbrev  0x0000000000002f39       0xc6 /opt/local/lib/gcc/arm-elf/4.7.3/../../../../arm-elf/lib/libc.a(lib_a-s_fpclassify.o)
 .debug_abbrev  0x0000000000002fff      0x2e8 /opt/local/lib/gcc/arm-elf/4.7.3/../../../../arm-elf/lib/libc.a(lib_a-svfiprintf.o)
 .debug_abbrev  0x00000000000032e7      0x1f5 /opt/local/lib/gcc/arm-elf/4.7.3/../../../../arm-elf/lib/libc.a(lib_a-callocr.o)
 .debug_abbrev  0x00000000000034dc      0x246 /opt/local/lib/gcc/arm-elf/4.7.3/../../../../arm-elf/lib/libc.a(lib_a-freer.o)
 .debug_abbrev  0x0000000000003722       0x9a /opt/local/lib/gcc/arm-elf/4.7.3/../../../../arm-elf/lib/libc.a(lib_a-memmove.o)
 .debug_abbrev  0x00000000000037bc      0x25a /opt/local/lib/gcc/arm-elf/4.7.3/../../../../arm-elf/lib/libc.a(lib_a-reallocr.o)
 .debug_abbrev  0x0000000000003a16       0x14 /opt/local/lib/gcc/arm-elf/4.7.3/libgcc.a(_udivsi3.o)
 .debug_abbrev  0x0000000000003a2a       0x14 /opt/local/lib/gcc/arm-elf/4.7.3/libgcc.a(_divsi3.o)
 .debug_abbrev  0x0000000000003a3e       0x14 /opt/local/lib/gcc/arm-elf/4.7.3/libgcc.a(_umodsi3.o)
 .debug_abbrev  0x0000000000003a52       0x14 /opt/local/lib/gcc/arm-elf/4.7.3/libgcc.a(_modsi3.o)
 .debug_abbrev  0x0000000000003a66       0x14 /opt/local/lib/gcc/arm-elf/4.7.3/libgcc.a(_dvmd_tls.o)
 .debug_abbrev  0x0000000000003a7a       0x14 /opt/local/lib/gcc/arm-elf/4.7.3/libgcc.a(_arm_addsubdf3.o)
 .debug_abbrev  0x0000000000003a8e       0x14 /opt/local/lib/gcc/arm-elf/4.7.3/libgcc.a(_arm_muldivdf3.o)
 .debug_abbrev  0x0000000000003aa2       0x14 /opt/local/lib/gcc/arm-elf/4.7.3/libgcc.a(_arm_cmpdf2.o)
 .debug_abbrev  0x0000000000003ab6       0x14 /opt/local/lib/gcc/arm-elf/4.7.3/libgcc.a(_arm_fixdfsi.o)

.debug_line     0x0000000000000000     0x6862
 *(.debug_line)
 .debug_line    0x0000000000000000       0xbc Startup.o
 .debug_line    0x00000000000000bc       0xa2 ../lib/irq.o
 .debug_line    0x000000000000015e      0x86c main.o
 .debug_line    0x00000000000009ca      0x14d ../lib/syscalls.o
 .debug_line    0x0000000000000b17      0x129 ../lib/rprintf.o
 .debug_line    0x0000000000000c40      0x118 ../lib/string_printf.o
 .debug_line    0x0000000000000d58       0x98 ../lib/serial.o
 .debug_line    0x0000000000000df0      0x178 ../lib/rootdir.o
 .debug_line    0x0000000000000f68      0x2bc ../lib/sd_raw.o
 .debug_line    0x0000000000001224      0x70c ../lib/fat.o
 .debug_line    0x0000000000001930       0xeb ../lib/partition.o
 .debug_line    0x0000000000001a1b       0x48 ../lib/itoa.o
 .debug_line    0x0000000000001a63       0xa8 ../lib/byteordering.o
 .debug_line    0x0000000000001b0b       0x8f ../LPCUSB/armVIC.o
 .debug_line    0x0000000000001b9a      0x1b7 /opt/local/lib/gcc/arm-elf/4.7.3/../../../../arm-elf/lib/libc.a(lib_a-memcpy-stub.o)
 .debug_line    0x0000000000001d51      0x1af /opt/local/lib/gcc/arm-elf/4.7.3/../../../../arm-elf/lib/libc.a(lib_a-memset.o)
 .debug_line    0x0000000000001f00      0x26d /opt/local/lib/gcc/arm-elf/4.7.3/../../../../arm-elf/lib/libc.a(lib_a-sprintf.o)
 .debug_line    0x000000000000216d      0x138 /opt/local/lib/gcc/arm-elf/4.7.3/../../../../arm-elf/lib/libc.a(lib_a-strchr.o)
 .debug_line    0x00000000000022a5      0x12d /opt/local/lib/gcc/arm-elf/4.7.3/../../../../arm-elf/lib/libc.a(lib_a-strcmp.o)
 .debug_line    0x00000000000023d2      0x12d /opt/local/lib/gcc/arm-elf/4.7.3/../../../../arm-elf/lib/libc.a(lib_a-strcpy.o)
 .debug_line    0x00000000000024ff      0x1a5 /opt/local/lib/gcc/arm-elf/4.7.3/../../../../arm-elf/lib/libc.a(lib_a-strlen.o)
 .debug_line    0x00000000000026a4      0x1b9 /opt/local/lib/gcc/arm-elf/4.7.3/../../../../arm-elf/lib/libc.a(lib_a-strncmp.o)
 .debug_line    0x000000000000285d      0x1cc /opt/local/lib/gcc/arm-elf/4.7.3/../../../../arm-elf/lib/libc.a(lib_a-strncpy.o)
 .debug_line    0x0000000000002a29      0x136 /opt/local/lib/gcc/arm-elf/4.7.3/../../../../arm-elf/lib/libc.a(lib_a-strrchr.o)
 .debug_line    0x0000000000002b5f      0x8c2 /opt/local/lib/gcc/arm-elf/4.7.3/../../../../arm-elf/lib/libc.a(lib_a-svfprintf.o)
 .debug_line    0x0000000000003421      0x758 /opt/local/lib/gcc/arm-elf/4.7.3/../../../../arm-elf/lib/libc.a(lib_a-dtoa.o)
 .debug_line    0x0000000000003b79      0x1a4 /opt/local/lib/gcc/arm-elf/4.7.3/../../../../arm-elf/lib/libc.a(lib_a-impure.o)
 .debug_line    0x0000000000003d1d      0x275 /opt/local/lib/gcc/arm-elf/4.7.3/../../../../arm-elf/lib/libc.a(lib_a-locale.o)
 .debug_line    0x0000000000003f92      0x396 /opt/local/lib/gcc/arm-elf/4.7.3/../../../../arm-elf/lib/libc.a(lib_a-mallocr.o)
 .debug_line    0x0000000000004328      0x1c2 /opt/local/lib/gcc/arm-elf/4.7.3/../../../../arm-elf/lib/libc.a(lib_a-memchr-stub.o)
 .debug_line    0x00000000000044ea      0x1b6 /opt/local/lib/gcc/arm-elf/4.7.3/../../../../arm-elf/lib/libc.a(lib_a-mlock.o)
 .debug_line    0x00000000000046a0      0x67f /opt/local/lib/gcc/arm-elf/4.7.3/../../../../arm-elf/lib/libc.a(lib_a-mprec.o)
 .debug_line    0x0000000000004d1f      0x1d4 /opt/local/lib/gcc/arm-elf/4.7.3/../../../../arm-elf/lib/libc.a(lib_a-s_fpclassify.o)
 .debug_line    0x0000000000004ef3      0x5dd /opt/local/lib/gcc/arm-elf/4.7.3/../../../../arm-elf/lib/libc.a(lib_a-svfiprintf.o)
 .debug_line    0x00000000000054d0      0x1dc /opt/local/lib/gcc/arm-elf/4.7.3/../../../../arm-elf/lib/libc.a(lib_a-callocr.o)
 .debug_line    0x00000000000056ac      0x2e1 /opt/local/lib/gcc/arm-elf/4.7.3/../../../../arm-elf/lib/libc.a(lib_a-freer.o)
 .debug_line    0x000000000000598d      0x1ce /opt/local/lib/gcc/arm-elf/4.7.3/../../../../arm-elf/lib/libc.a(lib_a-memmove.o)
 .debug_line    0x0000000000005b5b      0x292 /opt/local/lib/gcc/arm-elf/4.7.3/../../../../arm-elf/lib/libc.a(lib_a-reallocr.o)
 .debug_line    0x0000000000005ded       0xda /opt/local/lib/gcc/arm-elf/4.7.3/libgcc.a(_udivsi3.o)
 .debug_line    0x0000000000005ec7       0xe6 /opt/local/lib/gcc/arm-elf/4.7.3/libgcc.a(_divsi3.o)
 .debug_line    0x0000000000005fad       0xc1 /opt/local/lib/gcc/arm-elf/4.7.3/libgcc.a(_umodsi3.o)
 .debug_line    0x000000000000606e       0xc7 /opt/local/lib/gcc/arm-elf/4.7.3/libgcc.a(_modsi3.o)
 .debug_line    0x0000000000006135       0xac /opt/local/lib/gcc/arm-elf/4.7.3/libgcc.a(_dvmd_tls.o)
 .debug_line    0x00000000000061e1      0x237 /opt/local/lib/gcc/arm-elf/4.7.3/libgcc.a(_arm_addsubdf3.o)
 .debug_line    0x0000000000006418      0x248 /opt/local/lib/gcc/arm-elf/4.7.3/libgcc.a(_arm_muldivdf3.o)
 .debug_line    0x0000000000006660      0x13f /opt/local/lib/gcc/arm-elf/4.7.3/libgcc.a(_arm_cmpdf2.o)
 .debug_line    0x000000000000679f       0xc3 /opt/local/lib/gcc/arm-elf/4.7.3/libgcc.a(_arm_fixdfsi.o)

.debug_frame    0x0000000000000000     0x15dc
 *(.debug_frame)
 .debug_frame   0x0000000000000000       0x7c ../lib/irq.o
 .debug_frame   0x000000000000007c      0x2d0 main.o
 .debug_frame   0x000000000000034c       0x80 ../lib/syscalls.o
 .debug_frame   0x00000000000003cc       0x88 ../lib/rprintf.o
 .debug_frame   0x0000000000000454       0x70 ../lib/string_printf.o
 .debug_frame   0x00000000000004c4       0xb4 ../lib/serial.o
 .debug_frame   0x0000000000000578      0x124 ../lib/rootdir.o
 .debug_frame   0x000000000000069c      0x1b0 ../lib/sd_raw.o
 .debug_frame   0x000000000000084c      0x4d0 ../lib/fat.o
 .debug_frame   0x0000000000000d1c       0x54 ../lib/partition.o
 .debug_frame   0x0000000000000d70       0x50 ../lib/itoa.o
 .debug_frame   0x0000000000000dc0       0x50 ../lib/byteordering.o
 .debug_frame   0x0000000000000e10       0x70 ../LPCUSB/armVIC.o
 .debug_frame   0x0000000000000e80       0x20 /opt/local/lib/gcc/arm-elf/4.7.3/../../../../arm-elf/lib/libc.a(lib_a-memcpy-stub.o)
 .debug_frame   0x0000000000000ea0       0x20 /opt/local/lib/gcc/arm-elf/4.7.3/../../../../arm-elf/lib/libc.a(lib_a-memset.o)
 .debug_frame   0x0000000000000ec0       0x54 /opt/local/lib/gcc/arm-elf/4.7.3/../../../../arm-elf/lib/libc.a(lib_a-sprintf.o)
 .debug_frame   0x0000000000000f14       0x20 /opt/local/lib/gcc/arm-elf/4.7.3/../../../../arm-elf/lib/libc.a(lib_a-strchr.o)
 .debug_frame   0x0000000000000f34       0x20 /opt/local/lib/gcc/arm-elf/4.7.3/../../../../arm-elf/lib/libc.a(lib_a-strcmp.o)
 .debug_frame   0x0000000000000f54       0x20 /opt/local/lib/gcc/arm-elf/4.7.3/../../../../arm-elf/lib/libc.a(lib_a-strcpy.o)
 .debug_frame   0x0000000000000f74       0x20 /opt/local/lib/gcc/arm-elf/4.7.3/../../../../arm-elf/lib/libc.a(lib_a-strlen.o)
 .debug_frame   0x0000000000000f94       0x2c /opt/local/lib/gcc/arm-elf/4.7.3/../../../../arm-elf/lib/libc.a(lib_a-strncmp.o)
 .debug_frame   0x0000000000000fc0       0x28 /opt/local/lib/gcc/arm-elf/4.7.3/../../../../arm-elf/lib/libc.a(lib_a-strncpy.o)
 .debug_frame   0x0000000000000fe8       0x2c /opt/local/lib/gcc/arm-elf/4.7.3/../../../../arm-elf/lib/libc.a(lib_a-strrchr.o)
 .debug_frame   0x0000000000001014       0x3c /opt/local/lib/gcc/arm-elf/4.7.3/../../../../arm-elf/lib/libc.a(lib_a-svfprintf.o)
 .debug_frame   0x0000000000001050       0x60 /opt/local/lib/gcc/arm-elf/4.7.3/../../../../arm-elf/lib/libc.a(lib_a-dtoa.o)
 .debug_frame   0x00000000000010b0       0x98 /opt/local/lib/gcc/arm-elf/4.7.3/../../../../arm-elf/lib/libc.a(lib_a-locale.o)
 .debug_frame   0x0000000000001148       0x34 /opt/local/lib/gcc/arm-elf/4.7.3/../../../../arm-elf/lib/libc.a(lib_a-mallocr.o)
 .debug_frame   0x000000000000117c       0x20 /opt/local/lib/gcc/arm-elf/4.7.3/../../../../arm-elf/lib/libc.a(lib_a-memchr-stub.o)
 .debug_frame   0x000000000000119c       0x30 /opt/local/lib/gcc/arm-elf/4.7.3/../../../../arm-elf/lib/libc.a(lib_a-mlock.o)
 .debug_frame   0x00000000000011cc      0x21c /opt/local/lib/gcc/arm-elf/4.7.3/../../../../arm-elf/lib/libc.a(lib_a-mprec.o)
 .debug_frame   0x00000000000013e8       0x20 /opt/local/lib/gcc/arm-elf/4.7.3/../../../../arm-elf/lib/libc.a(lib_a-s_fpclassify.o)
 .debug_frame   0x0000000000001408       0x64 /opt/local/lib/gcc/arm-elf/4.7.3/../../../../arm-elf/lib/libc.a(lib_a-svfiprintf.o)
 .debug_frame   0x000000000000146c       0x28 /opt/local/lib/gcc/arm-elf/4.7.3/../../../../arm-elf/lib/libc.a(lib_a-callocr.o)
 .debug_frame   0x0000000000001494       0x50 /opt/local/lib/gcc/arm-elf/4.7.3/../../../../arm-elf/lib/libc.a(lib_a-freer.o)
 .debug_frame   0x00000000000014e4       0x20 /opt/local/lib/gcc/arm-elf/4.7.3/../../../../arm-elf/lib/libc.a(lib_a-memmove.o)
 .debug_frame   0x0000000000001504       0x38 /opt/local/lib/gcc/arm-elf/4.7.3/../../../../arm-elf/lib/libc.a(lib_a-reallocr.o)
 .debug_frame   0x000000000000153c       0x28 /opt/local/lib/gcc/arm-elf/4.7.3/libgcc.a(_udivsi3.o)
 .debug_frame   0x0000000000001564       0x28 /opt/local/lib/gcc/arm-elf/4.7.3/libgcc.a(_divsi3.o)
 .debug_frame   0x000000000000158c       0x28 /opt/local/lib/gcc/arm-elf/4.7.3/libgcc.a(_umodsi3.o)
 .debug_frame   0x00000000000015b4       0x28 /opt/local/lib/gcc/arm-elf/4.7.3/libgcc.a(_modsi3.o)

.debug_str      0x0000000000000000     0x27bb
 *(.debug_str)
 .debug_str     0x0000000000000000       0xd0 ../lib/irq.o
                                         0xf3 (size before relaxing)
 .debug_str     0x00000000000000d0      0x358 main.o
                                        0x432 (size before relaxing)
 .debug_str     0x0000000000000428      0x493 ../lib/syscalls.o
                                        0x5f5 (size before relaxing)
 .debug_str     0x00000000000008bb       0x89 ../lib/rprintf.o
                                        0x19b (size before relaxing)
 .debug_str     0x0000000000000944       0x6e ../lib/string_printf.o
                                        0x1db (size before relaxing)
 .debug_str     0x00000000000009b2       0x90 ../lib/serial.o
                                         0xe8 (size before relaxing)
 .debug_str     0x0000000000000a42      0x32d ../lib/rootdir.o
                                        0x4be (size before relaxing)
 .debug_str     0x0000000000000d6f      0x1b4 ../lib/sd_raw.o
                                        0x3bb (size before relaxing)
 .debug_str     0x0000000000000f23      0x5e1 ../lib/fat.o
                                        0x9db (size before relaxing)
 .debug_str     0x0000000000001504       0x43 ../lib/partition.o
                                        0x261 (size before relaxing)
 .debug_str     0x0000000000001547       0x16 ../lib/itoa.o
                                         0x61 (size before relaxing)
 .debug_str     0x000000000000155d       0x16 ../lib/byteordering.o
                                        0x113 (size before relaxing)
 .debug_str     0x0000000000001573       0x64 ../LPCUSB/armVIC.o
                                         0xff (size before relaxing)
 .debug_str     0x00000000000015d7       0x98 /opt/local/lib/gcc/arm-elf/4.7.3/../../../../arm-elf/lib/libc.a(lib_a-memcpy-stub.o)
                                        0x144 (size before relaxing)
 .debug_str     0x000000000000166f       0x7a /opt/local/lib/gcc/arm-elf/4.7.3/../../../../arm-elf/lib/libc.a(lib_a-memset.o)
                                        0x126 (size before relaxing)
 .debug_str     0x00000000000016e9       0x92 /opt/local/lib/gcc/arm-elf/4.7.3/../../../../arm-elf/lib/libc.a(lib_a-sprintf.o)
                                        0x521 (size before relaxing)
 .debug_str     0x000000000000177b       0x7a /opt/local/lib/gcc/arm-elf/4.7.3/../../../../arm-elf/lib/libc.a(lib_a-strchr.o)
                                        0x11f (size before relaxing)
 .debug_str     0x00000000000017f5       0x7f /opt/local/lib/gcc/arm-elf/4.7.3/../../../../arm-elf/lib/libc.a(lib_a-strcmp.o)
                                        0x124 (size before relaxing)
 .debug_str     0x0000000000001874       0x7f /opt/local/lib/gcc/arm-elf/4.7.3/../../../../arm-elf/lib/libc.a(lib_a-strcpy.o)
                                        0x124 (size before relaxing)
 .debug_str     0x00000000000018f3       0x7f /opt/local/lib/gcc/arm-elf/4.7.3/../../../../arm-elf/lib/libc.a(lib_a-strlen.o)
                                        0x133 (size before relaxing)
 .debug_str     0x0000000000001972       0x7b /opt/local/lib/gcc/arm-elf/4.7.3/../../../../arm-elf/lib/libc.a(lib_a-strncmp.o)
                                        0x128 (size before relaxing)
 .debug_str     0x00000000000019ed       0x87 /opt/local/lib/gcc/arm-elf/4.7.3/../../../../arm-elf/lib/libc.a(lib_a-strncpy.o)
                                        0x144 (size before relaxing)
 .debug_str     0x0000000000001a74       0x7b /opt/local/lib/gcc/arm-elf/4.7.3/../../../../arm-elf/lib/libc.a(lib_a-strrchr.o)
                                        0x12d (size before relaxing)
 .debug_str     0x0000000000001aef      0x301 /opt/local/lib/gcc/arm-elf/4.7.3/../../../../arm-elf/lib/libc.a(lib_a-svfprintf.o)
                                        0x869 (size before relaxing)
 .debug_str     0x0000000000001df0      0x196 /opt/local/lib/gcc/arm-elf/4.7.3/../../../../arm-elf/lib/libc.a(lib_a-dtoa.o)
                                        0x642 (size before relaxing)
 .debug_str     0x0000000000001f86       0x98 /opt/local/lib/gcc/arm-elf/4.7.3/../../../../arm-elf/lib/libc.a(lib_a-impure.o)
                                        0x4f1 (size before relaxing)
 .debug_str     0x000000000000201e      0x15a /opt/local/lib/gcc/arm-elf/4.7.3/../../../../arm-elf/lib/libc.a(lib_a-locale.o)
                                        0x74d (size before relaxing)
 .debug_str     0x0000000000002178      0x25d /opt/local/lib/gcc/arm-elf/4.7.3/../../../../arm-elf/lib/libc.a(lib_a-mallocr.o)
                                        0x6ff (size before relaxing)
 .debug_str     0x00000000000023d5       0x8d /opt/local/lib/gcc/arm-elf/4.7.3/../../../../arm-elf/lib/libc.a(lib_a-memchr-stub.o)
                                        0x140 (size before relaxing)
 .debug_str     0x0000000000002462       0x8e /opt/local/lib/gcc/arm-elf/4.7.3/../../../../arm-elf/lib/libc.a(lib_a-mlock.o)
                                        0x4f9 (size before relaxing)
 .debug_str     0x00000000000024f0       0xe4 /opt/local/lib/gcc/arm-elf/4.7.3/../../../../arm-elf/lib/libc.a(lib_a-mprec.o)
                                        0x5fc (size before relaxing)
 .debug_str     0x00000000000025d4       0xa2 /opt/local/lib/gcc/arm-elf/4.7.3/../../../../arm-elf/lib/libc.a(lib_a-s_fpclassify.o)
                                        0x178 (size before relaxing)
 .debug_str     0x0000000000002676       0x30 /opt/local/lib/gcc/arm-elf/4.7.3/../../../../arm-elf/lib/libc.a(lib_a-svfiprintf.o)
                                        0x66c (size before relaxing)
 .debug_str     0x00000000000026a6        0xf /opt/local/lib/gcc/arm-elf/4.7.3/../../../../arm-elf/lib/libc.a(lib_a-callocr.o)
                                        0x529 (size before relaxing)
 .debug_str     0x00000000000026b5       0x34 /opt/local/lib/gcc/arm-elf/4.7.3/../../../../arm-elf/lib/libc.a(lib_a-freer.o)
                                        0x649 (size before relaxing)
 .debug_str     0x00000000000026e9       0x84 /opt/local/lib/gcc/arm-elf/4.7.3/../../../../arm-elf/lib/libc.a(lib_a-memmove.o)
                                        0x141 (size before relaxing)
 .debug_str     0x000000000000276d       0x4e /opt/local/lib/gcc/arm-elf/4.7.3/../../../../arm-elf/lib/libc.a(lib_a-reallocr.o)
                                        0x5d1 (size before relaxing)

.debug_loc      0x0000000000000000     0xc164
 *(.debug_loc)
 .debug_loc     0x0000000000000000      0x1e4 ../lib/irq.o
 .debug_loc     0x00000000000001e4      0xf68 main.o
 .debug_loc     0x000000000000114c      0x108 ../lib/syscalls.o
 .debug_loc     0x0000000000001254      0x381 ../lib/rprintf.o
 .debug_loc     0x00000000000015d5      0x39f ../lib/string_printf.o
 .debug_loc     0x0000000000001974      0x111 ../lib/serial.o
 .debug_loc     0x0000000000001a85      0x317 ../lib/rootdir.o
 .debug_loc     0x0000000000001d9c      0x7f1 ../lib/sd_raw.o
 .debug_loc     0x000000000000258d     0x2751 ../lib/fat.o
 .debug_loc     0x0000000000004cde      0x1d5 ../lib/partition.o
 .debug_loc     0x0000000000004eb3      0x123 ../lib/itoa.o
 .debug_loc     0x0000000000004fd6       0x63 ../lib/byteordering.o
 .debug_loc     0x0000000000005039       0x42 ../LPCUSB/armVIC.o
 .debug_loc     0x000000000000507b       0x39 /opt/local/lib/gcc/arm-elf/4.7.3/../../../../arm-elf/lib/libc.a(lib_a-memcpy-stub.o)
 .debug_loc     0x00000000000050b4       0x3f /opt/local/lib/gcc/arm-elf/4.7.3/../../../../arm-elf/lib/libc.a(lib_a-memset.o)
 .debug_loc     0x00000000000050f3       0xfa /opt/local/lib/gcc/arm-elf/4.7.3/../../../../arm-elf/lib/libc.a(lib_a-sprintf.o)
 .debug_loc     0x00000000000051ed       0x78 /opt/local/lib/gcc/arm-elf/4.7.3/../../../../arm-elf/lib/libc.a(lib_a-strchr.o)
 .debug_loc     0x0000000000005265       0x21 /opt/local/lib/gcc/arm-elf/4.7.3/../../../../arm-elf/lib/libc.a(lib_a-strcmp.o)
 .debug_loc     0x0000000000005286       0x21 /opt/local/lib/gcc/arm-elf/4.7.3/../../../../arm-elf/lib/libc.a(lib_a-strcpy.o)
 .debug_loc     0x00000000000052a7       0x21 /opt/local/lib/gcc/arm-elf/4.7.3/../../../../arm-elf/lib/libc.a(lib_a-strlen.o)
 .debug_loc     0x00000000000052c8       0xd5 /opt/local/lib/gcc/arm-elf/4.7.3/../../../../arm-elf/lib/libc.a(lib_a-strncmp.o)
 .debug_loc     0x000000000000539d      0x102 /opt/local/lib/gcc/arm-elf/4.7.3/../../../../arm-elf/lib/libc.a(lib_a-strncpy.o)
 .debug_loc     0x000000000000549f       0xcc /opt/local/lib/gcc/arm-elf/4.7.3/../../../../arm-elf/lib/libc.a(lib_a-strrchr.o)
 .debug_loc     0x000000000000556b     0x12e6 /opt/local/lib/gcc/arm-elf/4.7.3/../../../../arm-elf/lib/libc.a(lib_a-svfprintf.o)
 .debug_loc     0x0000000000006851     0x12c4 /opt/local/lib/gcc/arm-elf/4.7.3/../../../../arm-elf/lib/libc.a(lib_a-dtoa.o)
 .debug_loc     0x0000000000007b15      0x141 /opt/local/lib/gcc/arm-elf/4.7.3/../../../../arm-elf/lib/libc.a(lib_a-locale.o)
 .debug_loc     0x0000000000007c56      0x7fa /opt/local/lib/gcc/arm-elf/4.7.3/../../../../arm-elf/lib/libc.a(lib_a-mallocr.o)
 .debug_loc     0x0000000000008450       0x81 /opt/local/lib/gcc/arm-elf/4.7.3/../../../../arm-elf/lib/libc.a(lib_a-memchr-stub.o)
 .debug_loc     0x00000000000084d1     0x1e5b /opt/local/lib/gcc/arm-elf/4.7.3/../../../../arm-elf/lib/libc.a(lib_a-mprec.o)
 .debug_loc     0x000000000000a32c       0x8f /opt/local/lib/gcc/arm-elf/4.7.3/../../../../arm-elf/lib/libc.a(lib_a-s_fpclassify.o)
 .debug_loc     0x000000000000a3bb      0xc26 /opt/local/lib/gcc/arm-elf/4.7.3/../../../../arm-elf/lib/libc.a(lib_a-svfiprintf.o)
 .debug_loc     0x000000000000afe1      0x1e4 /opt/local/lib/gcc/arm-elf/4.7.3/../../../../arm-elf/lib/libc.a(lib_a-callocr.o)
 .debug_loc     0x000000000000b1c5      0x3cc /opt/local/lib/gcc/arm-elf/4.7.3/../../../../arm-elf/lib/libc.a(lib_a-freer.o)
 .debug_loc     0x000000000000b591       0xd2 /opt/local/lib/gcc/arm-elf/4.7.3/../../../../arm-elf/lib/libc.a(lib_a-memmove.o)
 .debug_loc     0x000000000000b663      0xb01 /opt/local/lib/gcc/arm-elf/4.7.3/../../../../arm-elf/lib/libc.a(lib_a-reallocr.o)

.debug_macinfo
 *(.debug_macinfo)

.debug_weaknames
 *(.debug_weaknames)

.debug_funcnames
 *(.debug_funcnames)

.debug_typenames
 *(.debug_typenames)

.debug_varnames
 *(.debug_varnames)
OUTPUT(main.elf elf32-littlearm)

.debug_ranges   0x0000000000000000      0x848
 .debug_ranges  0x0000000000000000       0x20 Startup.o
 .debug_ranges  0x0000000000000020      0x340 main.o
 .debug_ranges  0x0000000000000360       0x18 ../lib/rprintf.o
 .debug_ranges  0x0000000000000378       0x18 ../lib/string_printf.o
 .debug_ranges  0x0000000000000390       0xa8 ../lib/sd_raw.o
 .debug_ranges  0x0000000000000438      0x300 ../lib/fat.o
 .debug_ranges  0x0000000000000738       0xf0 /opt/local/lib/gcc/arm-elf/4.7.3/../../../../arm-elf/lib/libc.a(lib_a-svfprintf.o)
 .debug_ranges  0x0000000000000828       0x20 /opt/local/lib/gcc/arm-elf/4.7.3/../../../../arm-elf/lib/libc.a(lib_a-svfiprintf.o)

Cross Reference Table

Symbol                                            File
ADCStringSize                                     main.o
ADC_array                                         main.o
ADC_in                                            main.o
AD_conversion                                     main.o
FIQ_Routine                                       main.o
GetADCValue                                       main.o
GetGPSDateTime                                    main.o
GetTime                                           main.o
Initialize                                        main.o
InitializeTime                                    main.o
LogADC                                            main.o
Log_init                                          main.o
RX_array1                                         main.o
RX_array2                                         main.o
RX_in                                             main.o
SWI_Routine                                       main.o
UNDEF_Routine                                     main.o
_Balloc                                           /opt/local/lib/gcc/arm-elf/4.7.3/../../../../arm-elf/lib/libc.a(lib_a-mprec.o)
                                                  /opt/local/lib/gcc/arm-elf/4.7.3/../../../../arm-elf/lib/libc.a(lib_a-dtoa.o)
_Bfree                                            /opt/local/lib/gcc/arm-elf/4.7.3/../../../../arm-elf/lib/libc.a(lib_a-mprec.o)
                                                  /opt/local/lib/gcc/arm-elf/4.7.3/../../../../arm-elf/lib/libc.a(lib_a-dtoa.o)
_PathLocale                                       /opt/local/lib/gcc/arm-elf/4.7.3/../../../../arm-elf/lib/libc.a(lib_a-locale.o)
__IRQ_Wrapper                                     Startup.o
__adddf3                                          /opt/local/lib/gcc/arm-elf/4.7.3/libgcc.a(_arm_addsubdf3.o)
                                                  /opt/local/lib/gcc/arm-elf/4.7.3/../../../../arm-elf/lib/libc.a(lib_a-dtoa.o)
__aeabi_cdcmpeq                                   /opt/local/lib/gcc/arm-elf/4.7.3/libgcc.a(_arm_cmpdf2.o)
__aeabi_cdcmple                                   /opt/local/lib/gcc/arm-elf/4.7.3/libgcc.a(_arm_cmpdf2.o)
__aeabi_cdrcmple                                  /opt/local/lib/gcc/arm-elf/4.7.3/libgcc.a(_arm_cmpdf2.o)
__aeabi_d2iz                                      /opt/local/lib/gcc/arm-elf/4.7.3/libgcc.a(_arm_fixdfsi.o)
__aeabi_dadd                                      /opt/local/lib/gcc/arm-elf/4.7.3/libgcc.a(_arm_addsubdf3.o)
__aeabi_dcmpeq                                    /opt/local/lib/gcc/arm-elf/4.7.3/libgcc.a(_arm_cmpdf2.o)
__aeabi_dcmpge                                    /opt/local/lib/gcc/arm-elf/4.7.3/libgcc.a(_arm_cmpdf2.o)
__aeabi_dcmpgt                                    /opt/local/lib/gcc/arm-elf/4.7.3/libgcc.a(_arm_cmpdf2.o)
__aeabi_dcmple                                    /opt/local/lib/gcc/arm-elf/4.7.3/libgcc.a(_arm_cmpdf2.o)
__aeabi_dcmplt                                    /opt/local/lib/gcc/arm-elf/4.7.3/libgcc.a(_arm_cmpdf2.o)
__aeabi_ddiv                                      /opt/local/lib/gcc/arm-elf/4.7.3/libgcc.a(_arm_muldivdf3.o)
__aeabi_dmul                                      /opt/local/lib/gcc/arm-elf/4.7.3/libgcc.a(_arm_muldivdf3.o)
__aeabi_drsub                                     /opt/local/lib/gcc/arm-elf/4.7.3/libgcc.a(_arm_addsubdf3.o)
__aeabi_dsub                                      /opt/local/lib/gcc/arm-elf/4.7.3/libgcc.a(_arm_addsubdf3.o)
__aeabi_f2d                                       /opt/local/lib/gcc/arm-elf/4.7.3/libgcc.a(_arm_addsubdf3.o)
__aeabi_i2d                                       /opt/local/lib/gcc/arm-elf/4.7.3/libgcc.a(_arm_addsubdf3.o)
__aeabi_idiv                                      /opt/local/lib/gcc/arm-elf/4.7.3/libgcc.a(_divsi3.o)
__aeabi_idivmod                                   /opt/local/lib/gcc/arm-elf/4.7.3/libgcc.a(_divsi3.o)
__aeabi_l2d                                       /opt/local/lib/gcc/arm-elf/4.7.3/libgcc.a(_arm_addsubdf3.o)
__aeabi_ui2d                                      /opt/local/lib/gcc/arm-elf/4.7.3/libgcc.a(_arm_addsubdf3.o)
__aeabi_uidiv                                     /opt/local/lib/gcc/arm-elf/4.7.3/libgcc.a(_udivsi3.o)
__aeabi_uidivmod                                  /opt/local/lib/gcc/arm-elf/4.7.3/libgcc.a(_udivsi3.o)
__aeabi_ul2d                                      /opt/local/lib/gcc/arm-elf/4.7.3/libgcc.a(_arm_addsubdf3.o)
__any_on                                          /opt/local/lib/gcc/arm-elf/4.7.3/../../../../arm-elf/lib/libc.a(lib_a-mprec.o)
__b2d                                             /opt/local/lib/gcc/arm-elf/4.7.3/../../../../arm-elf/lib/libc.a(lib_a-mprec.o)
__bss_end__                                       Startup.o
__bss_start__                                     Startup.o
__cmpdf2                                          /opt/local/lib/gcc/arm-elf/4.7.3/libgcc.a(_arm_cmpdf2.o)
__copybits                                        /opt/local/lib/gcc/arm-elf/4.7.3/../../../../arm-elf/lib/libc.a(lib_a-mprec.o)
__ctors_end__                                     Startup.o
__ctors_start__                                   Startup.o
__d2b                                             /opt/local/lib/gcc/arm-elf/4.7.3/../../../../arm-elf/lib/libc.a(lib_a-mprec.o)
                                                  /opt/local/lib/gcc/arm-elf/4.7.3/../../../../arm-elf/lib/libc.a(lib_a-dtoa.o)
__div0                                            /opt/local/lib/gcc/arm-elf/4.7.3/libgcc.a(_dvmd_tls.o)
                                                  /opt/local/lib/gcc/arm-elf/4.7.3/libgcc.a(_modsi3.o)
                                                  /opt/local/lib/gcc/arm-elf/4.7.3/libgcc.a(_umodsi3.o)
                                                  /opt/local/lib/gcc/arm-elf/4.7.3/libgcc.a(_divsi3.o)
                                                  /opt/local/lib/gcc/arm-elf/4.7.3/libgcc.a(_udivsi3.o)
__divdf3                                          /opt/local/lib/gcc/arm-elf/4.7.3/libgcc.a(_arm_muldivdf3.o)
                                                  /opt/local/lib/gcc/arm-elf/4.7.3/../../../../arm-elf/lib/libc.a(lib_a-mprec.o)
                                                  /opt/local/lib/gcc/arm-elf/4.7.3/../../../../arm-elf/lib/libc.a(lib_a-dtoa.o)
__divsi3                                          /opt/local/lib/gcc/arm-elf/4.7.3/libgcc.a(_divsi3.o)
                                                  /opt/local/lib/gcc/arm-elf/4.7.3/../../../../arm-elf/lib/libc.a(lib_a-mprec.o)
                                                  /opt/local/lib/gcc/arm-elf/4.7.3/../../../../arm-elf/lib/libc.a(lib_a-svfprintf.o)
                                                  ../lib/itoa.o
                                                  ../lib/fat.o
                                                  main.o
__eqdf2                                           /opt/local/lib/gcc/arm-elf/4.7.3/libgcc.a(_arm_cmpdf2.o)
                                                  /opt/local/lib/gcc/arm-elf/4.7.3/../../../../arm-elf/lib/libc.a(lib_a-dtoa.o)
                                                  /opt/local/lib/gcc/arm-elf/4.7.3/../../../../arm-elf/lib/libc.a(lib_a-svfprintf.o)
__exit_ARM                                        Startup.o
__exit_THUMB                                      Startup.o
__extendsfdf2                                     /opt/local/lib/gcc/arm-elf/4.7.3/libgcc.a(_arm_addsubdf3.o)
__fixdfsi                                         /opt/local/lib/gcc/arm-elf/4.7.3/libgcc.a(_arm_fixdfsi.o)
                                                  /opt/local/lib/gcc/arm-elf/4.7.3/../../../../arm-elf/lib/libc.a(lib_a-dtoa.o)
__floatdidf                                       /opt/local/lib/gcc/arm-elf/4.7.3/libgcc.a(_arm_addsubdf3.o)
__floatsidf                                       /opt/local/lib/gcc/arm-elf/4.7.3/libgcc.a(_arm_addsubdf3.o)
                                                  /opt/local/lib/gcc/arm-elf/4.7.3/../../../../arm-elf/lib/libc.a(lib_a-dtoa.o)
__floatundidf                                     /opt/local/lib/gcc/arm-elf/4.7.3/libgcc.a(_arm_addsubdf3.o)
__floatunsidf                                     /opt/local/lib/gcc/arm-elf/4.7.3/libgcc.a(_arm_addsubdf3.o)
                                                  /opt/local/lib/gcc/arm-elf/4.7.3/../../../../arm-elf/lib/libc.a(lib_a-dtoa.o)
__fpclassifyd                                     /opt/local/lib/gcc/arm-elf/4.7.3/../../../../arm-elf/lib/libc.a(lib_a-s_fpclassify.o)
                                                  /opt/local/lib/gcc/arm-elf/4.7.3/../../../../arm-elf/lib/libc.a(lib_a-svfprintf.o)
__gedf2                                           /opt/local/lib/gcc/arm-elf/4.7.3/libgcc.a(_arm_cmpdf2.o)
                                                  /opt/local/lib/gcc/arm-elf/4.7.3/../../../../arm-elf/lib/libc.a(lib_a-dtoa.o)
__gtdf2                                           /opt/local/lib/gcc/arm-elf/4.7.3/libgcc.a(_arm_cmpdf2.o)
                                                  /opt/local/lib/gcc/arm-elf/4.7.3/../../../../arm-elf/lib/libc.a(lib_a-dtoa.o)
__hi0bits                                         /opt/local/lib/gcc/arm-elf/4.7.3/../../../../arm-elf/lib/libc.a(lib_a-mprec.o)
                                                  /opt/local/lib/gcc/arm-elf/4.7.3/../../../../arm-elf/lib/libc.a(lib_a-dtoa.o)
__i2b                                             /opt/local/lib/gcc/arm-elf/4.7.3/../../../../arm-elf/lib/libc.a(lib_a-mprec.o)
                                                  /opt/local/lib/gcc/arm-elf/4.7.3/../../../../arm-elf/lib/libc.a(lib_a-dtoa.o)
__ledf2                                           /opt/local/lib/gcc/arm-elf/4.7.3/libgcc.a(_arm_cmpdf2.o)
__lo0bits                                         /opt/local/lib/gcc/arm-elf/4.7.3/../../../../arm-elf/lib/libc.a(lib_a-mprec.o)
__locale_charset                                  /opt/local/lib/gcc/arm-elf/4.7.3/../../../../arm-elf/lib/libc.a(lib_a-locale.o)
__locale_cjk_lang                                 /opt/local/lib/gcc/arm-elf/4.7.3/../../../../arm-elf/lib/libc.a(lib_a-locale.o)
__locale_mb_cur_max                               /opt/local/lib/gcc/arm-elf/4.7.3/../../../../arm-elf/lib/libc.a(lib_a-locale.o)
__locale_msgcharset                               /opt/local/lib/gcc/arm-elf/4.7.3/../../../../arm-elf/lib/libc.a(lib_a-locale.o)
__lshift                                          /opt/local/lib/gcc/arm-elf/4.7.3/../../../../arm-elf/lib/libc.a(lib_a-mprec.o)
                                                  /opt/local/lib/gcc/arm-elf/4.7.3/../../../../arm-elf/lib/libc.a(lib_a-dtoa.o)
__ltdf2                                           /opt/local/lib/gcc/arm-elf/4.7.3/libgcc.a(_arm_cmpdf2.o)
                                                  /opt/local/lib/gcc/arm-elf/4.7.3/../../../../arm-elf/lib/libc.a(lib_a-dtoa.o)
                                                  /opt/local/lib/gcc/arm-elf/4.7.3/../../../../arm-elf/lib/libc.a(lib_a-svfprintf.o)
__malloc_av_                                      /opt/local/lib/gcc/arm-elf/4.7.3/../../../../arm-elf/lib/libc.a(lib_a-mallocr.o)
                                                  /opt/local/lib/gcc/arm-elf/4.7.3/../../../../arm-elf/lib/libc.a(lib_a-reallocr.o)
                                                  /opt/local/lib/gcc/arm-elf/4.7.3/../../../../arm-elf/lib/libc.a(lib_a-freer.o)
__malloc_current_mallinfo                         /opt/local/lib/gcc/arm-elf/4.7.3/../../../../arm-elf/lib/libc.a(lib_a-mallocr.o)
                                                  /opt/local/lib/gcc/arm-elf/4.7.3/../../../../arm-elf/lib/libc.a(lib_a-freer.o)
__malloc_lock                                     /opt/local/lib/gcc/arm-elf/4.7.3/../../../../arm-elf/lib/libc.a(lib_a-mlock.o)
                                                  /opt/local/lib/gcc/arm-elf/4.7.3/../../../../arm-elf/lib/libc.a(lib_a-reallocr.o)
                                                  /opt/local/lib/gcc/arm-elf/4.7.3/../../../../arm-elf/lib/libc.a(lib_a-freer.o)
                                                  /opt/local/lib/gcc/arm-elf/4.7.3/../../../../arm-elf/lib/libc.a(lib_a-mallocr.o)
__malloc_max_sbrked_mem                           /opt/local/lib/gcc/arm-elf/4.7.3/../../../../arm-elf/lib/libc.a(lib_a-mallocr.o)
__malloc_max_total_mem                            /opt/local/lib/gcc/arm-elf/4.7.3/../../../../arm-elf/lib/libc.a(lib_a-mallocr.o)
__malloc_sbrk_base                                /opt/local/lib/gcc/arm-elf/4.7.3/../../../../arm-elf/lib/libc.a(lib_a-mallocr.o)
                                                  /opt/local/lib/gcc/arm-elf/4.7.3/../../../../arm-elf/lib/libc.a(lib_a-freer.o)
__malloc_top_pad                                  /opt/local/lib/gcc/arm-elf/4.7.3/../../../../arm-elf/lib/libc.a(lib_a-mallocr.o)